Archive member included because of file (symbol)

.\CortexM0\ARM_GCC_484\Debug\PSoC_4_BLE_CapSense_Proximity.a(cyfitter_cfg.o)
                              .\CortexM0\ARM_GCC_484\Debug\Cm0Start.o (cyfitter_cfg)
.\CortexM0\ARM_GCC_484\Debug\PSoC_4_BLE_CapSense_Proximity.a(BLE.o)
                              .\CortexM0\ARM_GCC_484\Debug\main.o (CyBle_Start)
.\CortexM0\ARM_GCC_484\Debug\PSoC_4_BLE_CapSense_Proximity.a(BLE_gatt.o)
                              .\CortexM0\ARM_GCC_484\Debug\BLEApplications.o (cyBle_state)
.\CortexM0\ARM_GCC_484\Debug\PSoC_4_BLE_CapSense_Proximity.a(BLE_eventHandler.o)
                              .\CortexM0\ARM_GCC_484\Debug\PSoC_4_BLE_CapSense_Proximity.a(BLE.o) (cyBle_eventHandlerFlag)
.\CortexM0\ARM_GCC_484\Debug\PSoC_4_BLE_CapSense_Proximity.a(CapSense.o)
                              .\CortexM0\ARM_GCC_484\Debug\main.o (CapSense_Start)
.\CortexM0\ARM_GCC_484\Debug\PSoC_4_BLE_CapSense_Proximity.a(CapSense_CSHL.o)
                              .\CortexM0\ARM_GCC_484\Debug\PSoC_4_BLE_CapSense_Proximity.a(CapSense.o) (CapSense_rawDataIndex)
.\CortexM0\ARM_GCC_484\Debug\PSoC_4_BLE_CapSense_Proximity.a(CapSense_INT.o)
                              .\CortexM0\ARM_GCC_484\Debug\PSoC_4_BLE_CapSense_Proximity.a(CapSense.o) (CapSense_ISR)
.\CortexM0\ARM_GCC_484\Debug\PSoC_4_BLE_CapSense_Proximity.a(CapSense_SMS.o)
                              .\CortexM0\ARM_GCC_484\Debug\PSoC_4_BLE_CapSense_Proximity.a(CapSense_CSHL.o) (CapSense_config)
.\CortexM0\ARM_GCC_484\Debug\PSoC_4_BLE_CapSense_Proximity.a(Status_LED.o)
                              .\CortexM0\ARM_GCC_484\Debug\BLEApplications.o (Status_LED_Write)
.\CortexM0\ARM_GCC_484\Debug\PSoC_4_BLE_CapSense_Proximity.a(CapSense_SampleClk.o)
                              .\CortexM0\ARM_GCC_484\Debug\PSoC_4_BLE_CapSense_Proximity.a(CapSense.o) (CapSense_SampleClk_StartEx)
.\CortexM0\ARM_GCC_484\Debug\PSoC_4_BLE_CapSense_Proximity.a(CapSense_SenseClk.o)
                              .\CortexM0\ARM_GCC_484\Debug\PSoC_4_BLE_CapSense_Proximity.a(CapSense.o) (CapSense_SenseClk_StartEx)
.\CortexM0\ARM_GCC_484\Debug\PSoC_4_BLE_CapSense_Proximity.a(CyBootAsmGnu.o)
                              .\CortexM0\ARM_GCC_484\Debug\PSoC_4_BLE_CapSense_Proximity.a(cyfitter_cfg.o) (CyDelayCycles)
.\CortexM0\ARM_GCC_484\Debug\PSoC_4_BLE_CapSense_Proximity.a(CyLib.o)
                              .\CortexM0\ARM_GCC_484\Debug\PSoC_4_BLE_CapSense_Proximity.a(cyfitter_cfg.o) (CyDelayUs)
C:\Program Files (x86)\Cypress\PSoC Creator\3.1\PSoC Creator\psoc\content\cycomponentlibrary\CyComponentLibrary.cylib\BLE_v1_10\Library\gccCyBLEStack_BLE_SOC_PERIPHERAL.a(CyBle.o)
                              .\CortexM0\ARM_GCC_484\Debug\main.o (CyBle_ProcessEvents)
C:\Program Files (x86)\Cypress\PSoC Creator\3.1\PSoC Creator\psoc\content\cycomponentlibrary\CyComponentLibrary.cylib\BLE_v1_10\Library\gccCyBLEStack_BLE_SOC_PERIPHERAL.a(CyBleStackMgrIP_Interface.o)
                              C:\Program Files (x86)\Cypress\PSoC Creator\3.1\PSoC Creator\psoc\content\cycomponentlibrary\CyComponentLibrary.cylib\BLE_v1_10\Library\gccCyBLEStack_BLE_SOC_PERIPHERAL.a(CyBle.o) (CyBleStackMgr_BleGetConfigData)
C:\Program Files (x86)\Cypress\PSoC Creator\3.1\PSoC Creator\psoc\content\cycomponentlibrary\CyComponentLibrary.cylib\BLE_v1_10\Library\gccCyBLEStack_BLE_SOC_PERIPHERAL.a(BT_os.o)
                              C:\Program Files (x86)\Cypress\PSoC Creator\3.1\PSoC Creator\psoc\content\cycomponentlibrary\CyComponentLibrary.cylib\BLE_v1_10\Library\gccCyBLEStack_BLE_SOC_PERIPHERAL.a(CyBleStackMgrIP_Interface.o) (bt_stack_init_os)
C:\Program Files (x86)\Cypress\PSoC Creator\3.1\PSoC Creator\psoc\content\cycomponentlibrary\CyComponentLibrary.cylib\BLE_v1_10\Library\gccCyBLEStack_BLE_SOC_PERIPHERAL.a(CyBleStackMgr_StackTaskHandler.o)
                              C:\Program Files (x86)\Cypress\PSoC Creator\3.1\PSoC Creator\psoc\content\cycomponentlibrary\CyComponentLibrary.cylib\BLE_v1_10\Library\gccCyBLEStack_BLE_SOC_PERIPHERAL.a(CyBleStackMgrIP_Interface.o) (CyBle_CreateBleStackTask)
C:\Program Files (x86)\Cypress\PSoC Creator\3.1\PSoC Creator\psoc\content\cycomponentlibrary\CyComponentLibrary.cylib\BLE_v1_10\Library\gccCyBLEStack_BLE_SOC_PERIPHERAL.a(transport_sf.o)
                              C:\Program Files (x86)\Cypress\PSoC Creator\3.1\PSoC Creator\psoc\content\cycomponentlibrary\CyComponentLibrary.cylib\BLE_v1_10\Library\gccCyBLEStack_BLE_SOC_PERIPHERAL.a(CyBleStackMgr_StackTaskHandler.o) (hci_soft_transport_notify_data_received)
C:\Program Files (x86)\Cypress\PSoC Creator\3.1\PSoC Creator\psoc\content\cycomponentlibrary\CyComponentLibrary.cylib\BLE_v1_10\Library\gccCyBLEStack_BLE_SOC_PERIPHERAL.a(CyBleStackMgr_PSoCHal.o)
                              C:\Program Files (x86)\Cypress\PSoC Creator\3.1\PSoC Creator\psoc\content\cycomponentlibrary\CyComponentLibrary.cylib\BLE_v1_10\Library\gccCyBLEStack_BLE_SOC_PERIPHERAL.a(CyBleStackMgrIP_Interface.o) (CyBleStackMgr_HalInit)
[...]
Memory Configuration

Name             Origin             Length             Attributes
rom              0x00000000         0x00020000         xr
ram              0x20000000         0x00004000         xrw
*default*        0x00000000         0xffffffff

Linker script and memory map

LOAD c:/program files (x86)/cypress/psoc creator/3.1/psoc creator/import/gnu_cs/arm/4.8.4/bin/../lib/gcc/arm-none-eabi/4.8.4/armv6-m/crti.o
LOAD c:/program files (x86)/cypress/psoc creator/3.1/psoc creator/import/gnu_cs/arm/4.8.4/bin/../lib/gcc/arm-none-eabi/4.8.4/armv6-m/crtbegin.o
LOAD c:/program files (x86)/cypress/psoc creator/3.1/psoc creator/import/gnu_cs/arm/4.8.4/bin/../lib/gcc/arm-none-eabi/4.8.4/../../../../arm-none-eabi/lib/armv6-m/crt0.o
START GROUP
LOAD .\CortexM0\ARM_GCC_484\Debug\main.o
LOAD .\CortexM0\ARM_GCC_484\Debug\BLEApplications.o
LOAD .\CortexM0\ARM_GCC_484\Debug\cymetadata.o
LOAD .\CortexM0\ARM_GCC_484\Debug\Cm0Start.o
LOAD .\CortexM0\ARM_GCC_484\Debug\PSoC_4_BLE_CapSense_Proximity.a
LOAD C:\Program Files (x86)\Cypress\PSoC Creator\3.1\PSoC Creator\psoc\content\cycomponentlibrary\CyComponentLibrary.cylib\BLE_v1_10\Library\gccCyBLEStack_BLE_SOC_PERIPHERAL.a
LOAD C:\Program Files (x86)\Cypress\PSoC Creator\3.1\PSoC Creator\psoc\content\cycomponentlibrary\CyComponentLibrary.cylib\CapSense_CSD_P4_v2_10\PSoC4\Library\CapsenseP4Library_GCC.a
LOAD C:\Program Files (x86)\Cypress\PSoC Creator\3.1\PSoC Creator\psoc\content\cycomponentlibrary\CyComponentLibrary.cylib\CortexM0\ARM_GCC_484\Debug\CyComponentLibrary.a
END GROUP
START GROUP
LOAD c:/program files (x86)/cypress/psoc creator/3.1/psoc creator/import/gnu_cs/arm/4.8.4/bin/../lib/gcc/arm-none-eabi/4.8.4/armv6-m\libgcc.a
LOAD c:/program files (x86)/cypress/psoc creator/3.1/psoc creator/import/gnu_cs/arm/4.8.4/bin/../lib/gcc/arm-none-eabi/4.8.4/../../../../arm-none-eabi/lib/armv6-m\libg_s.a
LOAD c:/program files (x86)/cypress/psoc creator/3.1/psoc creator/import/gnu_cs/arm/4.8.4/bin/../lib/gcc/arm-none-eabi/4.8.4/../../../../arm-none-eabi/lib/armv6-m\libc_s.a
END GROUP
START GROUP
LOAD c:/program files (x86)/cypress/psoc creator/3.1/psoc creator/import/gnu_cs/arm/4.8.4/bin/../lib/gcc/arm-none-eabi/4.8.4/armv6-m\libgcc.a
LOAD c:/program files (x86)/cypress/psoc creator/3.1/psoc creator/import/gnu_cs/arm/4.8.4/bin/../lib/gcc/arm-none-eabi/4.8.4/../../../../arm-none-eabi/lib/armv6-m\libc_s.a
END GROUP
LOAD c:/program files (x86)/cypress/psoc creator/3.1/psoc creator/import/gnu_cs/arm/4.8.4/bin/../lib/gcc/arm-none-eabi/4.8.4/armv6-m/crtend.o
LOAD c:/program files (x86)/cypress/psoc creator/3.1/psoc creator/import/gnu_cs/arm/4.8.4/bin/../lib/gcc/arm-none-eabi/4.8.4/armv6-m/crtn.o
START GROUP
LOAD c:/program files (x86)/cypress/psoc creator/3.1/psoc creator/import/gnu_cs/arm/4.8.4/bin/../lib/gcc/arm-none-eabi/4.8.4/armv6-m\libgcc.a
LOAD c:/program files (x86)/cypress/psoc creator/3.1/psoc creator/import/gnu_cs/arm/4.8.4/bin/../lib/gcc/arm-none-eabi/4.8.4/../../../../arm-none-eabi/lib/armv6-m\libc.a
LOAD c:/program files (x86)/cypress/psoc creator/3.1/psoc creator/import/gnu_cs/arm/4.8.4/bin/../lib/gcc/arm-none-eabi/4.8.4/../../../../arm-none-eabi/lib/armv6-m\libnosys.a
END GROUP
                0x00000000                CY_APPL_ORIGIN = 0x0
                0x00000080                CY_FLASH_ROW_SIZE = 0x80
                0x00000001                CY_APPL_NUM = 0x1
                0x00000040                CY_METADATA_SIZE = 0x40
                0x20002570                PROVIDE (__cy_heap_start, _end)
                0x00000001                PROVIDE (__cy_region_num, ((__cy_regions_end - __cy_regions) / 0x10))
                0x20004000                PROVIDE (__cy_stack, (ORIGIN (ram) + 0x4000))
                0x20003800                PROVIDE (__cy_heap_end, (__cy_stack - 0x800))

.cybootloader   0x00000000        0x0
 *(.cybootloader)
                0x00000000                appl1_start = CY_APPL_ORIGIN?CY_APPL_ORIGIN:ALIGN (CY_FLASH_ROW_SIZE)
                0x0000ff80                appl2_start = (appl1_start + ALIGN ((((0x20000 - appl1_start) - (0x2 * CY_FLASH_ROW_SIZE)) / 0x2), CY_FLASH_ROW_SIZE))
                0x00000000                appl_start = (CY_APPL_NUM == 0x1)?appl1_start:appl2_start

.text           0x00000000     0x29bc
 CREATE_OBJECT_SYMBOLS
                0x00000000                PROVIDE (__cy_interrupt_vector, RomVectors)
 *(.romvectors)
 .romvectors    0x00000000       0x10 .\CortexM0\ARM_GCC_484\Debug\Cm0Start.o
                0x00000000                RomVectors
                0x00000001                ASSERT ((. != __cy_interrupt_vector), No interrupt vector)
                0x00000001                ASSERT (CY_APPL_ORIGIN?(SIZEOF (.cybootloader) <= CY_APPL_ORIGIN):0x1, Wrong image location)
                0x00000010                PROVIDE (__cy_reset, Reset)
 *(.text.Reset)
 .text.Reset    0x00000010        0x8 .\CortexM0\ARM_GCC_484\Debug\Cm0Start.o
                0x00000010                Reset
                0x00000001                ASSERT ((. != __cy_reset), No reset code)
 *(.psocinit)
 .psocinit      0x00000018      0x2cc .\CortexM0\ARM_GCC_484\Debug\PSoC_4_BLE_CapSense_Proximity.a(cyfitter_cfg.o)
                0x000001b4                cyfitter_cfg
                0x000002e4                . = MAX (., 0x100)
 *(.text .text.* .gnu.linkonce.t.*)
 .text          0x000002e4       0x60 c:/program files (x86)/cypress/psoc creator/3.1/psoc creator/import/gnu_cs/arm/4.8.4/bin/../lib/gcc/arm-none-eabi/4.8.4/armv6-m/crtbegin.o
 .text.main     0x00000344       0x68 .\CortexM0\ARM_GCC_484\Debug\main.o
                0x00000344                main
 .text.InitializeSystem
                0x000003ac       0x28 .\CortexM0\ARM_GCC_484\Debug\main.o
                0x000003ac                InitializeSystem
 .text.HandleCapSenseProximity
                0x000003d4       0x58 .\CortexM0\ARM_GCC_484\Debug\main.o
                0x000003d4                HandleCapSenseProximity
 .text.CustomEventHandler
                0x0000042c       0xd4 .\CortexM0\ARM_GCC_484\Debug\BLEApplications.o
                0x0000042c                CustomEventHandler
 .text.SendDataOverCapSenseNotification
                0x00000500       0x48 .\CortexM0\ARM_GCC_484\Debug\BLEApplications.o
                0x00000500                SendDataOverCapSenseNotification
 .text.UpdateNotificationCCCD
                0x00000548       0x5c .\CortexM0\ARM_GCC_484\Debug\BLEApplications.o
                0x00000548                UpdateNotificationCCCD
 .text.HandleStatusLED
                0x000005a4       0xc4 .\CortexM0\ARM_GCC_484\Debug\BLEApplications.o
                0x000005a4                HandleStatusLED
 .text.IntDefaultHandler
                0x00000668        0x8 .\CortexM0\ARM_GCC_484\Debug\Cm0Start.o
                0x00000668                IntDefaultHandler
 .text.Start_c  0x00000670       0x98 .\CortexM0\ARM_GCC_484\Debug\Cm0Start.o
                0x00000670                Start_c
 .text.initialize_psoc
                0x00000708       0x70 .\CortexM0\ARM_GCC_484\Debug\Cm0Start.o
                0x00000708                initialize_psoc
 .text.CYMEMZERO
                0x00000778       0x20 .\CortexM0\ARM_GCC_484\Debug\PSoC_4_BLE_CapSense_Proximity.a(cyfitter_cfg.o)
 .text.cfg_write_bytes32
                0x00000798       0x80 .\CortexM0\ARM_GCC_484\Debug\PSoC_4_BLE_CapSense_Proximity.a(cyfitter_cfg.o)
 .text.AnalogSetDefault
                0x00000818       0x2c .\CortexM0\ARM_GCC_484\Debug\PSoC_4_BLE_CapSense_Proximity.a(cyfitter_cfg.o)
 .text.SetAnalogRoutingPumps
                0x00000844       0x70 .\CortexM0\ARM_GCC_484\Debug\PSoC_4_BLE_CapSense_Proximity.a(cyfitter_cfg.o)
                0x00000844                SetAnalogRoutingPumps
 .text.CyBle_Init
                0x000008b4       0x2c .\CortexM0\ARM_GCC_484\Debug\PSoC_4_BLE_CapSense_Proximity.a(BLE.o)
                0x000008b4                CyBle_Init
 .text.CyBle_ServiceInit
                0x000008e0        0x8 .\CortexM0\ARM_GCC_484\Debug\PSoC_4_BLE_CapSense_Proximity.a(BLE.o)
                0x000008e0                CyBle_ServiceInit
 .text.CyBle_Start
                0x000008e8       0x90 .\CortexM0\ARM_GCC_484\Debug\PSoC_4_BLE_CapSense_Proximity.a(BLE.o)
                0x000008e8                CyBle_Start
 .text.CyBle_GappStartAdvertisement
                0x00000978       0xc8 .\CortexM0\ARM_GCC_484\Debug\PSoC_4_BLE_CapSense_Proximity.a(BLE.o)
                0x00000978                CyBle_GappStartAdvertisement
 .text.CyBle_Get16ByPtr
                0x00000a40       0x24 .\CortexM0\ARM_GCC_484\Debug\PSoC_4_BLE_CapSense_Proximity.a(BLE.o)
                0x00000a40                CyBle_Get16ByPtr
 .text.CyBle_GattsWriteEventHandler
                0x00000a64       0xa0 .\CortexM0\ARM_GCC_484\Debug\PSoC_4_BLE_CapSense_Proximity.a(BLE_gatt.o)
                0x00000a64                CyBle_GattsWriteEventHandler
 .text.CyBle_WriteReqHandler
                0x00000b04       0x70 .\CortexM0\ARM_GCC_484\Debug\PSoC_4_BLE_CapSense_Proximity.a(BLE_eventHandler.o)
 .text.CyBle_ValueConfirmation
                0x00000b74       0x10 .\CortexM0\ARM_GCC_484\Debug\PSoC_4_BLE_CapSense_Proximity.a(BLE_eventHandler.o)
 .text.CyBle_GattDisconnectEventHandler
                0x00000b84       0x18 .\CortexM0\ARM_GCC_484\Debug\PSoC_4_BLE_CapSense_Proximity.a(BLE_eventHandler.o)
 .text.CyBle_TimeOutEventHandler
                0x00000b9c       0x10 .\CortexM0\ARM_GCC_484\Debug\PSoC_4_BLE_CapSense_Proximity.a(BLE_eventHandler.o)
 .text.CyBle_GattConnectReqHandler
                0x00000bac        0x8 .\CortexM0\ARM_GCC_484\Debug\PSoC_4_BLE_CapSense_Proximity.a(BLE_eventHandler.o)
 .text.CyBle_IsDeviceAddressValid
                0x00000bb4       0x60 .\CortexM0\ARM_GCC_484\Debug\PSoC_4_BLE_CapSense_Proximity.a(BLE_eventHandler.o)
 .text.CyBle_L2Cap_ConnParamUpdateRspEventHandler
                0x00000c14       0x14 .\CortexM0\ARM_GCC_484\Debug\PSoC_4_BLE_CapSense_Proximity.a(BLE_eventHandler.o)
 .text.CyBle_GapConnUpdateCompleteEventHandler
                0x00000c28       0x10 .\CortexM0\ARM_GCC_484\Debug\PSoC_4_BLE_CapSense_Proximity.a(BLE_eventHandler.o)
 .text.CyBle_EventHandler
                0x00000c38      0x288 .\CortexM0\ARM_GCC_484\Debug\PSoC_4_BLE_CapSense_Proximity.a(BLE_eventHandler.o)
                0x00000c38                CyBle_EventHandler
 .text.CapSense_Init
                0x00000ec0       0x3c .\CortexM0\ARM_GCC_484\Debug\PSoC_4_BLE_CapSense_Proximity.a(CapSense.o)
                0x00000ec0                CapSense_Init
 .text.CapSense_CsdHwBlockInit
                0x00000efc       0xbc .\CortexM0\ARM_GCC_484\Debug\PSoC_4_BLE_CapSense_Proximity.a(CapSense.o)
                0x00000efc                CapSense_CsdHwBlockInit
 .text.CapSense_Enable
                0x00000fb8       0x54 .\CortexM0\ARM_GCC_484\Debug\PSoC_4_BLE_CapSense_Proximity.a(CapSense.o)
                0x00000fb8                CapSense_Enable
 .text.CapSense_Start
                0x0000100c       0x44 .\CortexM0\ARM_GCC_484\Debug\PSoC_4_BLE_CapSense_Proximity.a(CapSense.o)
                0x0000100c                CapSense_Start
 .text.CapSense_FindNextSensor
                0x00001050       0x48 .\CortexM0\ARM_GCC_484\Debug\PSoC_4_BLE_CapSense_Proximity.a(CapSense.o)
                0x00001050                CapSense_FindNextSensor
 .text.CapSense_ScanSensor
                0x00001098       0x34 .\CortexM0\ARM_GCC_484\Debug\PSoC_4_BLE_CapSense_Proximity.a(CapSense.o)
                0x00001098                CapSense_ScanSensor
 .text.CapSense_ScanWidget
                0x000010cc       0xdc .\CortexM0\ARM_GCC_484\Debug\PSoC_4_BLE_CapSense_Proximity.a(CapSense.o)
                0x000010cc                CapSense_ScanWidget
 .text.CapSense_IsBusy
                0x000011a8       0x1c .\CortexM0\ARM_GCC_484\Debug\PSoC_4_BLE_CapSense_Proximity.a(CapSense.o)
                0x000011a8                CapSense_IsBusy
 .text.CapSense_ReadSensorRaw
                0x000011c4       0x1c .\CortexM0\ARM_GCC_484\Debug\PSoC_4_BLE_CapSense_Proximity.a(CapSense.o)
                0x000011c4                CapSense_ReadSensorRaw
 .text.CapSense_ClearSensors
                0x000011e0       0x28 .\CortexM0\ARM_GCC_484\Debug\PSoC_4_BLE_CapSense_Proximity.a(CapSense.o)
                0x000011e0                CapSense_ClearSensors
 .text.CapSense_EnableSensor
                0x00001208       0xb4 .\CortexM0\ARM_GCC_484\Debug\PSoC_4_BLE_CapSense_Proximity.a(CapSense.o)
                0x00001208                CapSense_EnableSensor
 .text.CapSense_DisableSensor
                0x000012bc      0x100 .\CortexM0\ARM_GCC_484\Debug\PSoC_4_BLE_CapSense_Proximity.a(CapSense.o)
                0x000012bc                CapSense_DisableSensor
 .text.CapSense_PreScan
                0x000013bc      0x1c8 .\CortexM0\ARM_GCC_484\Debug\PSoC_4_BLE_CapSense_Proximity.a(CapSense.o)
                0x000013bc                CapSense_PreScan
 .text.CapSense_PostScan
                0x00001584       0xbc .\CortexM0\ARM_GCC_484\Debug\PSoC_4_BLE_CapSense_Proximity.a(CapSense.o)
                0x00001584                CapSense_PostScan
 .text.CapSense_SetShieldDelay
                0x00001640       0x30 .\CortexM0\ARM_GCC_484\Debug\PSoC_4_BLE_CapSense_Proximity.a(CapSense.o)
                0x00001640                CapSense_SetShieldDelay
 .text.CapSense_GetBitValue
                0x00001670       0x44 .\CortexM0\ARM_GCC_484\Debug\PSoC_4_BLE_CapSense_Proximity.a(CapSense.o)
                0x00001670                CapSense_GetBitValue
 .text.CapSense_SetBitValue
                0x000016b4       0x68 .\CortexM0\ARM_GCC_484\Debug\PSoC_4_BLE_CapSense_Proximity.a(CapSense.o)
                0x000016b4                CapSense_SetBitValue
 .text.CapSense_GetSensorRaw
                0x0000171c       0x50 .\CortexM0\ARM_GCC_484\Debug\PSoC_4_BLE_CapSense_Proximity.a(CapSense.o)
                0x0000171c                CapSense_GetSensorRaw
 .text.CapSense_BaseInit
                0x0000176c       0x84 .\CortexM0\ARM_GCC_484\Debug\PSoC_4_BLE_CapSense_Proximity.a(CapSense_CSHL.o)
                0x0000176c                CapSense_BaseInit
 .text.CapSense_InitializeSensorBaseline
                0x000017f0       0x2c .\CortexM0\ARM_GCC_484\Debug\PSoC_4_BLE_CapSense_Proximity.a(CapSense_CSHL.o)
                0x000017f0                CapSense_InitializeSensorBaseline
 .text.CapSense_InitializeAllBaselines
                0x0000181c       0x28 .\CortexM0\ARM_GCC_484\Debug\PSoC_4_BLE_CapSense_Proximity.a(CapSense_CSHL.o)
                0x0000181c                CapSense_InitializeAllBaselines
 .text.CapSense_UpdateBaselineNoThreshold
                0x00001844      0x228 .\CortexM0\ARM_GCC_484\Debug\PSoC_4_BLE_CapSense_Proximity.a(CapSense_CSHL.o)
                0x00001844                CapSense_UpdateBaselineNoThreshold
 .text.CapSense_UpdateSensorBaseline
                0x00001a6c       0x20 .\CortexM0\ARM_GCC_484\Debug\PSoC_4_BLE_CapSense_Proximity.a(CapSense_CSHL.o)
                0x00001a6c                CapSense_UpdateSensorBaseline
 .text.CapSense_UpdateEnabledBaselines
                0x00001a8c       0x40 .\CortexM0\ARM_GCC_484\Debug\PSoC_4_BLE_CapSense_Proximity.a(CapSense_CSHL.o)
                0x00001a8c                CapSense_UpdateEnabledBaselines
 .text.CapSense_GetDiffCountData
                0x00001acc       0x1c .\CortexM0\ARM_GCC_484\Debug\PSoC_4_BLE_CapSense_Proximity.a(CapSense_CSHL.o)
                0x00001acc                CapSense_GetDiffCountData
 .text.CapSense_EnableWidget
                0x00001ae8       0x5c .\CortexM0\ARM_GCC_484\Debug\PSoC_4_BLE_CapSense_Proximity.a(CapSense_CSHL.o)
                0x00001ae8                CapSense_EnableWidget
 .text.CapSense_IIR4Filter
                0x00001b44       0x3c .\CortexM0\ARM_GCC_484\Debug\PSoC_4_BLE_CapSense_Proximity.a(CapSense_CSHL.o)
                0x00001b44                CapSense_IIR4Filter
 .text.CapSense_ISR
                0x00001b80       0xd4 .\CortexM0\ARM_GCC_484\Debug\PSoC_4_BLE_CapSense_Proximity.a(CapSense_INT.o)
                0x00001b80                CapSense_ISR
 .text.CapSense_AutoTune
                0x00001c54       0xf4 .\CortexM0\ARM_GCC_484\Debug\PSoC_4_BLE_CapSense_Proximity.a(CapSense_SMS.o)
                0x00001c54                CapSense_AutoTune
 .text.CapSense_UpdateThresholds
                0x00001d48       0x70 .\CortexM0\ARM_GCC_484\Debug\PSoC_4_BLE_CapSense_Proximity.a(CapSense_SMS.o)
                0x00001d48                CapSense_UpdateThresholds
 .text.CapSense_SetAnalogSwitchesSrcDirect
                0x00001db8       0x18 .\CortexM0\ARM_GCC_484\Debug\PSoC_4_BLE_CapSense_Proximity.a(CapSense_SMS.o)
                0x00001db8                CapSense_SetAnalogSwitchesSrcDirect
 .text.CapSense_DisableBaselineIDAC
                0x00001dd0       0x34 .\CortexM0\ARM_GCC_484\Debug\PSoC_4_BLE_CapSense_Proximity.a(CapSense_SMS.o)
                0x00001dd0                CapSense_DisableBaselineIDAC
 .text.CapSense_EnableBaselineIDAC
                0x00001e04       0x8c .\CortexM0\ARM_GCC_484\Debug\PSoC_4_BLE_CapSense_Proximity.a(CapSense_SMS.o)
                0x00001e04                CapSense_EnableBaselineIDAC
 .text.Status_LED_Write
                0x00001e90       0x4c .\CortexM0\ARM_GCC_484\Debug\PSoC_4_BLE_CapSense_Proximity.a(Status_LED.o)
                0x00001e90                Status_LED_Write
 .text.Status_LED_SetDriveMode
                0x00001edc       0x30 .\CortexM0\ARM_GCC_484\Debug\PSoC_4_BLE_CapSense_Proximity.a(Status_LED.o)
                0x00001edc                Status_LED_SetDriveMode
 .text.Status_LED_Read
                0x00001f0c       0x1c .\CortexM0\ARM_GCC_484\Debug\PSoC_4_BLE_CapSense_Proximity.a(Status_LED.o)
                0x00001f0c                Status_LED_Read
 .text.CapSense_SampleClk_StartEx
                0x00001f28       0x2c .\CortexM0\ARM_GCC_484\Debug\PSoC_4_BLE_CapSense_Proximity.a(CapSense_SampleClk.o)
                0x00001f28                CapSense_SampleClk_StartEx
 .text.CapSense_SampleClk_Stop
                0x00001f54       0x20 .\CortexM0\ARM_GCC_484\Debug\PSoC_4_BLE_CapSense_Proximity.a(CapSense_SampleClk.o)
                0x00001f54                CapSense_SampleClk_Stop
 .text.CapSense_SampleClk_SetFractionalDividerRegister
                0x00001f74       0x44 .\CortexM0\ARM_GCC_484\Debug\PSoC_4_BLE_CapSense_Proximity.a(CapSense_SampleClk.o)
                0x00001f74                CapSense_SampleClk_SetFractionalDividerRegister
 .text.CapSense_SenseClk_StartEx
                0x00001fb8       0x2c .\CortexM0\ARM_GCC_484\Debug\PSoC_4_BLE_CapSense_Proximity.a(CapSense_SenseClk.o)
                0x00001fb8                CapSense_SenseClk_StartEx
 .text.CapSense_SenseClk_Stop
                0x00001fe4       0x20 .\CortexM0\ARM_GCC_484\Debug\PSoC_4_BLE_CapSense_Proximity.a(CapSense_SenseClk.o)
                0x00001fe4                CapSense_SenseClk_Stop
 .text.CapSense_SenseClk_SetFractionalDividerRegister
                0x00002004       0x44 .\CortexM0\ARM_GCC_484\Debug\PSoC_4_BLE_CapSense_Proximity.a(CapSense_SenseClk.o)
                0x00002004                CapSense_SenseClk_SetFractionalDividerRegister
 .text          0x00002048       0x20 .\CortexM0\ARM_GCC_484\Debug\PSoC_4_BLE_CapSense_Proximity.a(CyBootAsmGnu.o)
                0x00002048                CyDelayCycles
                0x0000205a                CyEnterCriticalSection
                0x00002062                CyExitCriticalSection
 .text.CySysClkWcoSetHighPowerMode
                0x00002068       0x3c .\CortexM0\ARM_GCC_484\Debug\PSoC_4_BLE_CapSense_Proximity.a(CyLib.o)
 .text.CySysClkWcoSetLowPowerMode
                0x000020a4       0x48 .\CortexM0\ARM_GCC_484\Debug\PSoC_4_BLE_CapSense_Proximity.a(CyLib.o)
 .text.CySysClkEcoStart
                0x000020ec       0x74 .\CortexM0\ARM_GCC_484\Debug\PSoC_4_BLE_CapSense_Proximity.a(CyLib.o)
                0x000020ec                CySysClkEcoStart
 .text.CySysClkEcoReadStatus
                0x00002160       0x18 .\CortexM0\ARM_GCC_484\Debug\PSoC_4_BLE_CapSense_Proximity.a(CyLib.o)
                0x00002160                CySysClkEcoReadStatus
 .text.CySysClkWcoStart
                0x00002178       0x20 .\CortexM0\ARM_GCC_484\Debug\PSoC_4_BLE_CapSense_Proximity.a(CyLib.o)
                0x00002178                CySysClkWcoStart
 .text.CySysClkWcoSetPowerMode
                0x00002198       0x40 .\CortexM0\ARM_GCC_484\Debug\PSoC_4_BLE_CapSense_Proximity.a(CyLib.o)
                0x00002198                CySysClkWcoSetPowerMode
 .text.CyIntSetVector
                0x000021d8       0x4c .\CortexM0\ARM_GCC_484\Debug\PSoC_4_BLE_CapSense_Proximity.a(CyLib.o)
                0x000021d8                CyIntSetVector
 .text.CyIntSetPriority
                0x00002224       0xa8 .\CortexM0\ARM_GCC_484\Debug\PSoC_4_BLE_CapSense_Proximity.a(CyLib.o)
                0x00002224                CyIntSetPriority
 .text.CyIntEnable
                0x000022cc       0x2c .\CortexM0\ARM_GCC_484\Debug\PSoC_4_BLE_CapSense_Proximity.a(CyLib.o)
                0x000022cc                CyIntEnable
 .text.CyIntDisable
                0x000022f8       0x2c .\CortexM0\ARM_GCC_484\Debug\PSoC_4_BLE_CapSense_Proximity.a(CyLib.o)
                0x000022f8                CyIntDisable
 .text.CyHalt   0x00002324       0x14 .\CortexM0\ARM_GCC_484\Debug\PSoC_4_BLE_CapSense_Proximity.a(CyLib.o)
                0x00002324                CyHalt
 .text.CyDelay  0x00002338       0x48 .\CortexM0\ARM_GCC_484\Debug\PSoC_4_BLE_CapSense_Proximity.a(CyLib.o)
                0x00002338                CyDelay
 .text.CyDelayUs
                0x00002380       0x28 .\CortexM0\ARM_GCC_484\Debug\PSoC_4_BLE_CapSense_Proximity.a(CyLib.o)
                0x00002380                CyDelayUs
 .text.CalibrateOneDAC_P4_v2_10
                0x000023a8       0x44 C:\Program Files (x86)\Cypress\PSoC Creator\3.1\PSoC Creator\psoc\content\cycomponentlibrary\CyComponentLibrary.cylib\CapSense_CSD_P4_v2_10\PSoC4\Library\CapsenseP4Library_GCC.a(CSD_P4_SmartSense_v2_10.o)
                0x000023a8                CalibrateOneDAC_P4_v2_10
 .text.CalibrateSensors_P4_v2_10
                0x000023ec       0x22 C:\Program Files (x86)\Cypress\PSoC Creator\3.1\PSoC Creator\psoc\content\cycomponentlibrary\CyComponentLibrary.cylib\CapSense_CSD_P4_v2_10\PSoC4\Library\CapsenseP4Library_GCC.a(CSD_P4_SmartSense_v2_10.o)
                0x000023ec                CalibrateSensors_P4_v2_10
 *fill*         0x0000240e        0x2 
 .text.TunePrescalers_P4_v2_10
                0x00002410       0x48 C:\Program Files (x86)\Cypress\PSoC Creator\3.1\PSoC Creator\psoc\content\cycomponentlibrary\CyComponentLibrary.cylib\CapSense_CSD_P4_v2_10\PSoC4\Library\CapsenseP4Library_GCC.a(CSD_P4_SmartSense_v2_10.o)
                0x00002410                TunePrescalers_P4_v2_10
 .text.TuneSensitivity_P4_v2_10
                0x00002458      0x100 C:\Program Files (x86)\Cypress\PSoC Creator\3.1\PSoC Creator\psoc\content\cycomponentlibrary\CyComponentLibrary.cylib\CapSense_CSD_P4_v2_10\PSoC4\Library\CapsenseP4Library_GCC.a(CSD_P4_SmartSense_v2_10.o)
                0x00002458                TuneSensitivity_P4_v2_10
 .text.MeasureNoiseEnvelope_P4_v2_10
                0x00002558      0x118 C:\Program Files (x86)\Cypress\PSoC Creator\3.1\PSoC Creator\psoc\content\cycomponentlibrary\CyComponentLibrary.cylib\CapSense_CSD_P4_v2_10\PSoC4\Library\CapsenseP4Library_GCC.a(CSD_P4_SmartSense_v2_10.o)
                0x00002558                MeasureNoiseEnvelope_P4_v2_10
 .text.CyBLE_Bless_LlRegWrite
                0x00002670       0x1c .\CortexM0\ARM_GCC_484\Debug\PSoC_4_BLE_CapSense_Proximity.a(BLE_HAL_PVT.o)
                0x00002670                CyBLE_Bless_LlRegWrite
 .text.CyBLE_Bless_RfRegWrite
                0x0000268c       0x1c .\CortexM0\ARM_GCC_484\Debug\PSoC_4_BLE_CapSense_Proximity.a(BLE_HAL_PVT.o)
                0x0000268c                CyBLE_Bless_RfRegWrite
 .text.CyBleHal_DelayUs
                0x000026a8       0x1c .\CortexM0\ARM_GCC_484\Debug\PSoC_4_BLE_CapSense_Proximity.a(BLE_HAL_PVT.o)
                0x000026a8                CyBleHal_DelayUs
 .text.CyBleHal_EnableGlobalInterrupts
                0x000026c4        0xc .\CortexM0\ARM_GCC_484\Debug\PSoC_4_BLE_CapSense_Proximity.a(BLE_HAL_PVT.o)
                0x000026c4                CyBleHal_EnableGlobalInterrupts
 .text.CyBleHal_DisableGlobalInterrupts
                0x000026d0        0xc .\CortexM0\ARM_GCC_484\Debug\PSoC_4_BLE_CapSense_Proximity.a(BLE_HAL_PVT.o)
                0x000026d0                CyBleHal_DisableGlobalInterrupts
 .text.CyBle_HalInit
                0x000026dc       0x20 .\CortexM0\ARM_GCC_484\Debug\PSoC_4_BLE_CapSense_Proximity.a(BLE_HAL_PVT.o)
                0x000026dc                CyBle_HalInit
 .text.CYBLE_BlessStart
                0x000026fc       0x14 .\CortexM0\ARM_GCC_484\Debug\PSoC_4_BLE_CapSense_Proximity.a(BLE_HAL_PVT.o)
                0x000026fc                CYBLE_BlessStart
 .text.BLE_bless_isr_StartEx
                0x00002710       0x24 .\CortexM0\ARM_GCC_484\Debug\PSoC_4_BLE_CapSense_Proximity.a(BLE_bless_isr.o)
                0x00002710                BLE_bless_isr_StartEx
 .text.BLE_bless_isr_SetVector
                0x00002734       0x18 .\CortexM0\ARM_GCC_484\Debug\PSoC_4_BLE_CapSense_Proximity.a(BLE_bless_isr.o)
                0x00002734                BLE_bless_isr_SetVector
 .text.BLE_bless_isr_SetPriority
                0x0000274c       0x50 .\CortexM0\ARM_GCC_484\Debug\PSoC_4_BLE_CapSense_Proximity.a(BLE_bless_isr.o)
                0x0000274c                BLE_bless_isr_SetPriority
 .text.BLE_bless_isr_Enable
                0x0000279c       0x14 .\CortexM0\ARM_GCC_484\Debug\PSoC_4_BLE_CapSense_Proximity.a(BLE_bless_isr.o)
                0x0000279c                BLE_bless_isr_Enable
 .text.BLE_bless_isr_Disable
                0x000027b0       0x14 .\CortexM0\ARM_GCC_484\Debug\PSoC_4_BLE_CapSense_Proximity.a(BLE_bless_isr.o)
                0x000027b0                BLE_bless_isr_Disable
 .text.CyBLE_Bless_Interrupt
                0x000027c4        0xc .\CortexM0\ARM_GCC_484\Debug\PSoC_4_BLE_CapSense_Proximity.a(BLE_HAL_INT.o)
                0x000027c4                CyBLE_Bless_Interrupt
 .text          0x000027d0       0x9c c:/program files (x86)/cypress/psoc creator/3.1/psoc creator/import/gnu_cs/arm/4.8.4/bin/../lib/gcc/arm-none-eabi/4.8.4/armv6-m\libgcc.a(_udivsi3.o)
                0x000027d0                __aeabi_uidiv
                0x000027d0                __udivsi3
                0x00002858                __aeabi_uidivmod
 .text          0x0000286c       0xc0 c:/program files (x86)/cypress/psoc creator/3.1/psoc creator/import/gnu_cs/arm/4.8.4/bin/../lib/gcc/arm-none-eabi/4.8.4/armv6-m\libgcc.a(_divsi3.o)
                0x0000286c                __divsi3
                0x0000286c                __aeabi_idiv
                0x00002918                __aeabi_idivmod
 .text          0x0000292c        0x4 c:/program files (x86)/cypress/psoc creator/3.1/psoc creator/import/gnu_cs/arm/4.8.4/bin/../lib/gcc/arm-none-eabi/4.8.4/armv6-m\libgcc.a(_dvmd_tls.o)
                0x0000292c                __aeabi_idiv0
                0x0000292c                __aeabi_ldiv0
 .text.__libc_init_array
                0x00002930       0x4c c:/program files (x86)/cypress/psoc creator/3.1/psoc creator/import/gnu_cs/arm/4.8.4/bin/../lib/gcc/arm-none-eabi/4.8.4/../../../../arm-none-eabi/lib/armv6-m\libg_s.a(lib_a-init.o)
                0x00002930                __libc_init_array
 .text.memcmp   0x0000297c       0x1e c:/program files (x86)/cypress/psoc creator/3.1/psoc creator/import/gnu_cs/arm/4.8.4/bin/../lib/gcc/arm-none-eabi/4.8.4/../../../../arm-none-eabi/lib/armv6-m\libg_s.a(lib_a-memcmp.o)
                0x0000297c                memcmp
 .text.memcpy   0x0000299a       0x12 c:/program files (x86)/cypress/psoc creator/3.1/psoc creator/import/gnu_cs/arm/4.8.4/bin/../lib/gcc/arm-none-eabi/4.8.4/../../../../arm-none-eabi/lib/armv6-m\libg_s.a(lib_a-memcpy-stub.o)
                0x0000299a                memcpy
 .text.memset   0x000029ac       0x10 c:/program files (x86)/cypress/psoc creator/3.1/psoc creator/import/gnu_cs/arm/4.8.4/bin/../lib/gcc/arm-none-eabi/4.8.4/../../../../arm-none-eabi/lib/armv6-m\libg_s.a(lib_a-memset.o)
                0x000029ac                memset
 *(.plt)
 *(.gnu.warning)
 *(.glue_7t)
 .glue_7t       0x00000000        0x0 linker stubs
 *(.glue_7)
 .glue_7        0x00000000        0x0 linker stubs
 *(.vfp11_veneer)
 .vfp11_veneer  0x00000000        0x0 linker stubs
 *(.bootloader)
 *(.ARM.extab* .gnu.linkonce.armextab.*)
 *(.gcc_except_table)

.v4_bx          0x000029bc        0x0
 .v4_bx         0x00000000        0x0 linker stubs

.iplt           0x000029bc        0x0
 .iplt          0x00000000        0x0 c:/program files (x86)/cypress/psoc creator/3.1/psoc creator/import/gnu_cs/arm/4.8.4/bin/../lib/gcc/arm-none-eabi/4.8.4/armv6-m/crtbegin.o

i.CyBle_ExitLPM
                0x000029bc        0x8
 i.CyBle_ExitLPM
                0x000029bc        0x8 C:\Program Files (x86)\Cypress\PSoC Creator\3.1\PSoC Creator\psoc\content\cycomponentlibrary\CyComponentLibrary.cylib\BLE_v1_10\Library\gccCyBLEStack_BLE_SOC_PERIPHERAL.a(CyBle.o)
                0x000029bc                CyBle_ExitLPM

i.CyBle_ProcessEvents
                0x000029c4        0x8
 i.CyBle_ProcessEvents
                0x000029c4        0x8 C:\Program Files (x86)\Cypress\PSoC Creator\3.1\PSoC Creator\psoc\content\cycomponentlibrary\CyComponentLibrary.cylib\BLE_v1_10\Library\gccCyBLEStack_BLE_SOC_PERIPHERAL.a(CyBle.o)
                0x000029c4                CyBle_ProcessEvents

i.CyBle_SetDeviceAddress
                0x000029cc       0x24
 i.CyBle_SetDeviceAddress
                0x000029cc       0x24 C:\Program Files (x86)\Cypress\PSoC Creator\3.1\PSoC Creator\psoc\content\cycomponentlibrary\CyComponentLibrary.cylib\BLE_v1_10\Library\gccCyBLEStack_BLE_SOC_PERIPHERAL.a(CyBle.o)
                0x000029cc                CyBle_SetDeviceAddress

i.CyBle_StackInit
                0x000029f0       0x84
 i.CyBle_StackInit
                0x000029f0       0x84 C:\Program Files (x86)\Cypress\PSoC Creator\3.1\PSoC Creator\psoc\content\cycomponentlibrary\CyComponentLibrary.cylib\BLE_v1_10\Library\gccCyBLEStack_BLE_SOC_PERIPHERAL.a(CyBle.o)
                0x000029f0                CyBle_StackInit

i.CyBleStackMgr_BleGetConfigData
                0x00002a74        0x4
 i.CyBleStackMgr_BleGetConfigData
                0x00002a74        0x4 C:\Program Files (x86)\Cypress\PSoC Creator\3.1\PSoC Creator\psoc\content\cycomponentlibrary\CyComponentLibrary.cylib\BLE_v1_10\Library\gccCyBLEStack_BLE_SOC_PERIPHERAL.a(CyBleStackMgrIP_Interface.o)
                0x00002a74                CyBleStackMgr_BleGetConfigData

i.CyBleStackMgr_BleSetConfigData
                0x00002a78        0x4
 i.CyBleStackMgr_BleSetConfigData
                0x00002a78        0x4 C:\Program Files (x86)\Cypress\PSoC Creator\3.1\PSoC Creator\psoc\content\cycomponentlibrary\CyComponentLibrary.cylib\BLE_v1_10\Library\gccCyBLEStack_BLE_SOC_PERIPHERAL.a(CyBleStackMgrIP_Interface.o)
                0x00002a78                CyBleStackMgr_BleSetConfigData

i.CyBleStackMgr_Init
                0x00002a7c      0x104
 i.CyBleStackMgr_Init
                0x00002a7c      0x104 C:\Program Files (x86)\Cypress\PSoC Creator\3.1\PSoC Creator\psoc\content\cycomponentlibrary\CyComponentLibrary.cylib\BLE_v1_10\Library\gccCyBLEStack_BLE_SOC_PERIPHERAL.a(CyBleStackMgrIP_Interface.o)
                0x00002a7c                CyBleStackMgr_Init

i.CyBleStackMgr_ProcessBleEvents
                0x00002b80       0x14
 i.CyBleStackMgr_ProcessBleEvents
                0x00002b80       0x14 C:\Program Files (x86)\Cypress\PSoC Creator\3.1\PSoC Creator\psoc\content\cycomponentlibrary\CyComponentLibrary.cylib\BLE_v1_10\Library\gccCyBLEStack_BLE_SOC_PERIPHERAL.a(CyBleStackMgrIP_Interface.o)
                0x00002b80                CyBleStackMgr_ProcessBleEvents

i.ble_stack_idle_task_callback
                0x00002b94        0x2
 i.ble_stack_idle_task_callback
                0x00002b94        0x2 C:\Program Files (x86)\Cypress\PSoC Creator\3.1\PSoC Creator\psoc\content\cycomponentlibrary\CyComponentLibrary.cylib\BLE_v1_10\Library\gccCyBLEStack_BLE_SOC_PERIPHERAL.a(CyBleStackMgrIP_Interface.o)
                0x00002b94                ble_stack_idle_task_callback

i.BT_OSFreeBuf  0x00002b98       0x18
 i.BT_OSFreeBuf
                0x00002b98       0x18 C:\Program Files (x86)\Cypress\PSoC Creator\3.1\PSoC Creator\psoc\content\cycomponentlibrary\CyComponentLibrary.cylib\BLE_v1_10\Library\gccCyBLEStack_BLE_SOC_PERIPHERAL.a(BT_os.o)
                0x00002b98                BT_OSFreeBuf

i.BT_OSGetBuF   0x00002bb0       0x1c
 i.BT_OSGetBuF  0x00002bb0       0x1c C:\Program Files (x86)\Cypress\PSoC Creator\3.1\PSoC Creator\psoc\content\cycomponentlibrary\CyComponentLibrary.cylib\BLE_v1_10\Library\gccCyBLEStack_BLE_SOC_PERIPHERAL.a(BT_os.o)
                0x00002bb0                BT_OSGetBuF

i.BT_OSMemCreate
                0x00002bcc       0x1c
 i.BT_OSMemCreate
                0x00002bcc       0x1c C:\Program Files (x86)\Cypress\PSoC Creator\3.1\PSoC Creator\psoc\content\cycomponentlibrary\CyComponentLibrary.cylib\BLE_v1_10\Library\gccCyBLEStack_BLE_SOC_PERIPHERAL.a(BT_os.o)
                0x00002bcc                BT_OSMemCreate

i.BT_alloc_mem_ext
                0x00002be8       0x34
 i.BT_alloc_mem_ext
                0x00002be8       0x34 C:\Program Files (x86)\Cypress\PSoC Creator\3.1\PSoC Creator\psoc\content\cycomponentlibrary\CyComponentLibrary.cylib\BLE_v1_10\Library\gccCyBLEStack_BLE_SOC_PERIPHERAL.a(BT_os.o)
                0x00002be8                BT_alloc_mem_ext

i.BT_free_mem   0x00002c1c        0xc
 i.BT_free_mem  0x00002c1c        0xc C:\Program Files (x86)\Cypress\PSoC Creator\3.1\PSoC Creator\psoc\content\cycomponentlibrary\CyComponentLibrary.cylib\BLE_v1_10\Library\gccCyBLEStack_BLE_SOC_PERIPHERAL.a(BT_os.o)
                0x00002c1c                BT_free_mem

i.bt_stack_init_os
                0x00002c28       0x34
 i.bt_stack_init_os
                0x00002c28       0x34 C:\Program Files (x86)\Cypress\PSoC Creator\3.1\PSoC Creator\psoc\content\cycomponentlibrary\CyComponentLibrary.cylib\BLE_v1_10\Library\gccCyBLEStack_BLE_SOC_PERIPHERAL.a(BT_os.o)
                0x00002c28                bt_stack_init_os

i.CyBle_CheckBleStackTaskStatus
                0x00002c5c        0x4
 i.CyBle_CheckBleStackTaskStatus
                0x00002c5c        0x4 C:\Program Files (x86)\Cypress\PSoC Creator\3.1\PSoC Creator\psoc\content\cycomponentlibrary\CyComponentLibrary.cylib\BLE_v1_10\Library\gccCyBLEStack_BLE_SOC_PERIPHERAL.a(CyBleStackMgr_StackTaskHandler.o)
                0x00002c5c                CyBle_CheckBleStackTaskStatus

i.CyBle_CreateBleStackTask
                0x00002c60       0x2c
 i.CyBle_CreateBleStackTask
                0x00002c60       0x2c C:\Program Files (x86)\Cypress\PSoC Creator\3.1\PSoC Creator\psoc\content\cycomponentlibrary\CyComponentLibrary.cylib\BLE_v1_10\Library\gccCyBLEStack_BLE_SOC_PERIPHERAL.a(CyBleStackMgr_StackTaskHandler.o)
                0x00002c60                CyBle_CreateBleStackTask

i.CyBle_SignalBleStackTask
                0x00002c8c       0x50
 i.CyBle_SignalBleStackTask
                0x00002c8c       0x50 C:\Program Files (x86)\Cypress\PSoC Creator\3.1\PSoC Creator\psoc\content\cycomponentlibrary\CyComponentLibrary.cylib\BLE_v1_10\Library\gccCyBLEStack_BLE_SOC_PERIPHERAL.a(CyBleStackMgr_StackTaskHandler.o)
                0x00002c8c                CyBle_SignalBleStackTask

i.CyBle_StackTaskHandler
                0x00002cdc       0x5c
 i.CyBle_StackTaskHandler
                0x00002cdc       0x5c C:\Program Files (x86)\Cypress\PSoC Creator\3.1\PSoC Creator\psoc\content\cycomponentlibrary\CyComponentLibrary.cylib\BLE_v1_10\Library\gccCyBLEStack_BLE_SOC_PERIPHERAL.a(CyBleStackMgr_StackTaskHandler.o)
                0x00002cdc                CyBle_StackTaskHandler

i.__ARM_common_switch8
                0x00002d38       0x1a
 i.__ARM_common_switch8
                0x00002d38       0x1a C:\Program Files (x86)\Cypress\PSoC Creator\3.1\PSoC Creator\psoc\content\cycomponentlibrary\CyComponentLibrary.cylib\BLE_v1_10\Library\gccCyBLEStack_BLE_SOC_PERIPHERAL.a(CyBleStackMgr_StackTaskHandler.o)
                0x00002d38                __ARM_common_switch8

i.hci_soft_transport_notify_data_received
                0x00002d54        0xc
 i.hci_soft_transport_notify_data_received
                0x00002d54        0xc C:\Program Files (x86)\Cypress\PSoC Creator\3.1\PSoC Creator\psoc\content\cycomponentlibrary\CyComponentLibrary.cylib\BLE_v1_10\Library\gccCyBLEStack_BLE_SOC_PERIPHERAL.a(transport_sf.o)
                0x00002d54                hci_soft_transport_notify_data_received

i.hci_soft_transport_rx_data
                0x00002d60       0x30
 i.hci_soft_transport_rx_data
                0x00002d60       0x30 C:\Program Files (x86)\Cypress\PSoC Creator\3.1\PSoC Creator\psoc\content\cycomponentlibrary\CyComponentLibrary.cylib\BLE_v1_10\Library\gccCyBLEStack_BLE_SOC_PERIPHERAL.a(transport_sf.o)
                0x00002d60                hci_soft_transport_rx_data

i.hci_transport_bt_init
                0x00002d90        0x2
 i.hci_transport_bt_init
                0x00002d90        0x2 C:\Program Files (x86)\Cypress\PSoC Creator\3.1\PSoC Creator\psoc\content\cycomponentlibrary\CyComponentLibrary.cylib\BLE_v1_10\Library\gccCyBLEStack_BLE_SOC_PERIPHERAL.a(transport_sf.o)
                0x00002d90                hci_transport_bt_init

i.hci_transport_init
                0x00002d94       0x10
 i.hci_transport_init
                0x00002d94       0x10 C:\Program Files (x86)\Cypress\PSoC Creator\3.1\PSoC Creator\psoc\content\cycomponentlibrary\CyComponentLibrary.cylib\BLE_v1_10\Library\gccCyBLEStack_BLE_SOC_PERIPHERAL.a(transport_sf.o)
                0x00002d94                hci_transport_init

i.hci_transport_write_data
                0x00002da4       0xd4
 i.hci_transport_write_data
                0x00002da4       0xd4 C:\Program Files (x86)\Cypress\PSoC Creator\3.1\PSoC Creator\psoc\content\cycomponentlibrary\CyComponentLibrary.cylib\BLE_v1_10\Library\gccCyBLEStack_BLE_SOC_PERIPHERAL.a(transport_sf.o)
                0x00002da4                hci_transport_write_data

i.pf_hci_soft_transport_write
                0x00002e78       0x74
 i.pf_hci_soft_transport_write
                0x00002e78       0x74 C:\Program Files (x86)\Cypress\PSoC Creator\3.1\PSoC Creator\psoc\content\cycomponentlibrary\CyComponentLibrary.cylib\BLE_v1_10\Library\gccCyBLEStack_BLE_SOC_PERIPHERAL.a(transport_sf.o)
                0x00002e78                pf_hci_soft_transport_write

i.pf_soft_hci_transport_init
                0x00002eec        0xc
 i.pf_soft_hci_transport_init
                0x00002eec        0xc C:\Program Files (x86)\Cypress\PSoC Creator\3.1\PSoC Creator\psoc\content\cycomponentlibrary\CyComponentLibrary.cylib\BLE_v1_10\Library\gccCyBLEStack_BLE_SOC_PERIPHERAL.a(transport_sf.o)
                0x00002eec                pf_soft_hci_transport_init

i.CyBleStackMgr_GetTime
                0x00002ef8       0x14
 i.CyBleStackMgr_GetTime
                0x00002ef8       0x14 C:\Program Files (x86)\Cypress\PSoC Creator\3.1\PSoC Creator\psoc\content\cycomponentlibrary\CyComponentLibrary.cylib\BLE_v1_10\Library\gccCyBLEStack_BLE_SOC_PERIPHERAL.a(CyBleStackMgr_PSoCHal.o)
                0x00002ef8                CyBleStackMgr_GetTime

i.CyBleStackMgr_HalInit
                0x00002f0c       0x24
 i.CyBleStackMgr_HalInit
                0x00002f0c       0x24 C:\Program Files (x86)\Cypress\PSoC Creator\3.1\PSoC Creator\psoc\content\cycomponentlibrary\CyComponentLibrary.cylib\BLE_v1_10\Library\gccCyBLEStack_BLE_SOC_PERIPHERAL.a(CyBleStackMgr_PSoCHal.o)
                0x00002f0c                CyBleStackMgr_HalInit

i.CyBleStackMgr_HalIntrEnable
                0x00002f30        0x8
 i.CyBleStackMgr_HalIntrEnable
                0x00002f30        0x8 C:\Program Files (x86)\Cypress\PSoC Creator\3.1\PSoC Creator\psoc\content\cycomponentlibrary\CyComponentLibrary.cylib\BLE_v1_10\Library\gccCyBLEStack_BLE_SOC_PERIPHERAL.a(CyBleStackMgr_PSoCHal.o)
                0x00002f30                CyBleStackMgr_HalIntrEnable

i.CyBleStackMgr_HandleLinkLayerTick
                0x00002f38       0x5c
 i.CyBleStackMgr_HandleLinkLayerTick
                0x00002f38       0x5c C:\Program Files (x86)\Cypress\PSoC Creator\3.1\PSoC Creator\psoc\content\cycomponentlibrary\CyComponentLibrary.cylib\BLE_v1_10\Library\gccCyBLEStack_BLE_SOC_PERIPHERAL.a(CyBleStackMgr_PSoCHal.o)
                0x00002f38                CyBleStackMgr_HandleLinkLayerTick

i.CyBleStackMgr_HciPortInit
                0x00002f94        0xc
 i.CyBleStackMgr_HciPortInit
                0x00002f94        0xc C:\Program Files (x86)\Cypress\PSoC Creator\3.1\PSoC Creator\psoc\content\cycomponentlibrary\CyComponentLibrary.cylib\BLE_v1_10\Library\gccCyBLEStack_BLE_SOC_PERIPHERAL.a(CyBleStackMgr_PSoCHal.o)
                0x00002f94                CyBleStackMgr_HciPortInit

i.CyBleStackMgr_HciPortReset
                0x00002fa0        0x2
 i.CyBleStackMgr_HciPortReset
                0x00002fa0        0x2 C:\Program Files (x86)\Cypress\PSoC Creator\3.1\PSoC Creator\psoc\content\cycomponentlibrary\CyComponentLibrary.cylib\BLE_v1_10\Library\gccCyBLEStack_BLE_SOC_PERIPHERAL.a(CyBleStackMgr_PSoCHal.o)
                0x00002fa0                CyBleStackMgr_HciPortReset

i.CyBleStackMgr_HciPortWrite
                0x00002fa2        0x8
 i.CyBleStackMgr_HciPortWrite
                0x00002fa2        0x8 C:\Program Files (x86)\Cypress\PSoC Creator\3.1\PSoC Creator\psoc\content\cycomponentlibrary\CyComponentLibrary.cylib\BLE_v1_10\Library\gccCyBLEStack_BLE_SOC_PERIPHERAL.a(CyBleStackMgr_PSoCHal.o)
                0x00002fa2                CyBleStackMgr_HciPortWrite

i.CyBleStackMgr_ResetLinkLayerTimerEntity
                0x00002fac       0x14
 i.CyBleStackMgr_ResetLinkLayerTimerEntity
                0x00002fac       0x14 C:\Program Files (x86)\Cypress\PSoC Creator\3.1\PSoC Creator\psoc\content\cycomponentlibrary\CyComponentLibrary.cylib\BLE_v1_10\Library\gccCyBLEStack_BLE_SOC_PERIPHERAL.a(CyBleStackMgr_PSoCHal.o)
                0x00002fac                CyBleStackMgr_ResetLinkLayerTimerEntity

i.CyBleStackMgr_TimerStart
                0x00002fc0       0x2c
 i.CyBleStackMgr_TimerStart
                0x00002fc0       0x2c C:\Program Files (x86)\Cypress\PSoC Creator\3.1\PSoC Creator\psoc\content\cycomponentlibrary\CyComponentLibrary.cylib\BLE_v1_10\Library\gccCyBLEStack_BLE_SOC_PERIPHERAL.a(CyBleStackMgr_PSoCHal.o)
                0x00002fc0                CyBleStackMgr_TimerStart

i.CyBleStackMgr_TimerStop
                0x00002fec       0x18
 i.CyBleStackMgr_TimerStop
                0x00002fec       0x18 C:\Program Files (x86)\Cypress\PSoC Creator\3.1\PSoC Creator\psoc\content\cycomponentlibrary\CyComponentLibrary.cylib\BLE_v1_10\Library\gccCyBLEStack_BLE_SOC_PERIPHERAL.a(CyBleStackMgr_PSoCHal.o)
                0x00002fec                CyBleStackMgr_TimerStop

i.CyBleStackMgr_isTimerRunning
                0x00003004       0x10
 i.CyBleStackMgr_isTimerRunning
                0x00003004       0x10 C:\Program Files (x86)\Cypress\PSoC Creator\3.1\PSoC Creator\psoc\content\cycomponentlibrary\CyComponentLibrary.cylib\BLE_v1_10\Library\gccCyBLEStack_BLE_SOC_PERIPHERAL.a(CyBleStackMgr_PSoCHal.o)
                0x00003004                CyBleStackMgr_isTimerRunning

i.CyBleAtlantisRadioInit
                0x00003014      0x1ac
 i.CyBleAtlantisRadioInit
                0x00003014      0x1ac C:\Program Files (x86)\Cypress\PSoC Creator\3.1\PSoC Creator\psoc\content\cycomponentlibrary\CyComponentLibrary.cylib\BLE_v1_10\Library\gccCyBLEStack_BLE_SOC_PERIPHERAL.a(CyBleStackMgr_BleSSDriver.o)

i.CyBleStackMgr_BleSSFifoRead
                0x000031c0       0x38
 i.CyBleStackMgr_BleSSFifoRead
                0x000031c0       0x38 C:\Program Files (x86)\Cypress\PSoC Creator\3.1\PSoC Creator\psoc\content\cycomponentlibrary\CyComponentLibrary.cylib\BLE_v1_10\Library\gccCyBLEStack_BLE_SOC_PERIPHERAL.a(CyBleStackMgr_BleSSDriver.o)
                0x000031c0                CyBleStackMgr_BleSSFifoRead

i.CyBleStackMgr_BleSSFifoWrite
                0x000031f8       0x30
 i.CyBleStackMgr_BleSSFifoWrite
                0x000031f8       0x30 C:\Program Files (x86)\Cypress\PSoC Creator\3.1\PSoC Creator\psoc\content\cycomponentlibrary\CyComponentLibrary.cylib\BLE_v1_10\Library\gccCyBLEStack_BLE_SOC_PERIPHERAL.a(CyBleStackMgr_BleSSDriver.o)
                0x000031f8                CyBleStackMgr_BleSSFifoWrite

i.CyBleStackMgr_BleSSInit
                0x00003228       0x50
 i.CyBleStackMgr_BleSSInit
                0x00003228       0x50 C:\Program Files (x86)\Cypress\PSoC Creator\3.1\PSoC Creator\psoc\content\cycomponentlibrary\CyComponentLibrary.cylib\BLE_v1_10\Library\gccCyBLEStack_BLE_SOC_PERIPHERAL.a(CyBleStackMgr_BleSSDriver.o)
                0x00003228                CyBleStackMgr_BleSSInit

i.CyBleStackMgr_BleSSMemRead
                0x00003278       0x26
 i.CyBleStackMgr_BleSSMemRead
                0x00003278       0x26 C:\Program Files (x86)\Cypress\PSoC Creator\3.1\PSoC Creator\psoc\content\cycomponentlibrary\CyComponentLibrary.cylib\BLE_v1_10\Library\gccCyBLEStack_BLE_SOC_PERIPHERAL.a(CyBleStackMgr_BleSSDriver.o)
                0x00003278                CyBleStackMgr_BleSSMemRead

i.CyBleStackMgr_BleSSMemWrite
                0x000032a0       0x34
 i.CyBleStackMgr_BleSSMemWrite
                0x000032a0       0x34 C:\Program Files (x86)\Cypress\PSoC Creator\3.1\PSoC Creator\psoc\content\cycomponentlibrary\CyComponentLibrary.cylib\BLE_v1_10\Library\gccCyBLEStack_BLE_SOC_PERIPHERAL.a(CyBleStackMgr_BleSSDriver.o)
                0x000032a0                CyBleStackMgr_BleSSMemWrite

i.CyBleStackMgr_BleSSRegRead
                0x000032d4        0xc
 i.CyBleStackMgr_BleSSRegRead
                0x000032d4        0xc C:\Program Files (x86)\Cypress\PSoC Creator\3.1\PSoC Creator\psoc\content\cycomponentlibrary\CyComponentLibrary.cylib\BLE_v1_10\Library\gccCyBLEStack_BLE_SOC_PERIPHERAL.a(CyBleStackMgr_BleSSDriver.o)
                0x000032d4                CyBleStackMgr_BleSSRegRead

i.CyBleStackMgr_BleSSRegWrite
                0x000032e0        0xc
 i.CyBleStackMgr_BleSSRegWrite
                0x000032e0        0xc C:\Program Files (x86)\Cypress\PSoC Creator\3.1\PSoC Creator\psoc\content\cycomponentlibrary\CyComponentLibrary.cylib\BLE_v1_10\Library\gccCyBLEStack_BLE_SOC_PERIPHERAL.a(CyBleStackMgr_BleSSDriver.o)
                0x000032e0                CyBleStackMgr_BleSSRegWrite

i.CyBleStackMgr_BleSSReset
                0x000032ec       0x2c
 i.CyBleStackMgr_BleSSReset
                0x000032ec       0x2c C:\Program Files (x86)\Cypress\PSoC Creator\3.1\PSoC Creator\psoc\content\cycomponentlibrary\CyComponentLibrary.cylib\BLE_v1_10\Library\gccCyBLEStack_BLE_SOC_PERIPHERAL.a(CyBleStackMgr_BleSSDriver.o)
                0x000032ec                CyBleStackMgr_BleSSReset

i.CyBleStackMgr_GenericIface
                0x00003318       0x3c
 i.CyBleStackMgr_GenericIface
                0x00003318       0x3c C:\Program Files (x86)\Cypress\PSoC Creator\3.1\PSoC Creator\psoc\content\cycomponentlibrary\CyComponentLibrary.cylib\BLE_v1_10\Library\gccCyBLEStack_BLE_SOC_PERIPHERAL.a(CyBleStackMgr_BleSSDriver.o)
                0x00003318                CyBleStackMgr_GenericIface

i.CyBleStackMgr_HandleBleSSIntr
                0x00003354       0x94
 i.CyBleStackMgr_HandleBleSSIntr
                0x00003354       0x94 C:\Program Files (x86)\Cypress\PSoC Creator\3.1\PSoC Creator\psoc\content\cycomponentlibrary\CyComponentLibrary.cylib\BLE_v1_10\Library\gccCyBLEStack_BLE_SOC_PERIPHERAL.a(CyBleStackMgr_BleSSDriver.o)
                0x00003354                CyBleStackMgr_HandleBleSSIntr

i.CyBleStackMgr_SetClockParam
                0x000033e8       0xb4
 i.CyBleStackMgr_SetClockParam
                0x000033e8       0xb4 C:\Program Files (x86)\Cypress\PSoC Creator\3.1\PSoC Creator\psoc\content\cycomponentlibrary\CyComponentLibrary.cylib\BLE_v1_10\Library\gccCyBLEStack_BLE_SOC_PERIPHERAL.a(CyBleStackMgr_BleSSDriver.o)

i.CyBle_ExitDsmMode
                0x0000349c       0x2c
 i.CyBle_ExitDsmMode
                0x0000349c       0x2c C:\Program Files (x86)\Cypress\PSoC Creator\3.1\PSoC Creator\psoc\content\cycomponentlibrary\CyComponentLibrary.cylib\BLE_v1_10\Library\gccCyBLEStack_BLE_SOC_PERIPHERAL.a(CyBleStackMgr_BleSSDriver.o)
                0x0000349c                CyBle_ExitDsmMode

i.CyBle_GetBleSsOperationalMode
                0x000034c8        0xc
 i.CyBle_GetBleSsOperationalMode
                0x000034c8        0xc C:\Program Files (x86)\Cypress\PSoC Creator\3.1\PSoC Creator\psoc\content\cycomponentlibrary\CyComponentLibrary.cylib\BLE_v1_10\Library\gccCyBLEStack_BLE_SOC_PERIPHERAL.a(CyBleStackMgr_BleSSDriver.o)
                0x000034c8                CyBle_GetBleSsOperationalMode

i.CyBle_GetLpMode
                0x000034d4       0x26
 i.CyBle_GetLpMode
                0x000034d4       0x26 C:\Program Files (x86)\Cypress\PSoC Creator\3.1\PSoC Creator\psoc\content\cycomponentlibrary\CyComponentLibrary.cylib\BLE_v1_10\Library\gccCyBLEStack_BLE_SOC_PERIPHERAL.a(CyBleStackMgr_BleSSDriver.o)
                0x000034d4                CyBle_GetLpMode

i.CyBle_GetTxGainMode
                0x000034fc       0x2c
 i.CyBle_GetTxGainMode
                0x000034fc       0x2c C:\Program Files (x86)\Cypress\PSoC Creator\3.1\PSoC Creator\psoc\content\cycomponentlibrary\CyComponentLibrary.cylib\BLE_v1_10\Library\gccCyBLEStack_BLE_SOC_PERIPHERAL.a(CyBleStackMgr_BleSSDriver.o)
                0x000034fc                CyBle_GetTxGainMode

i.CyBle_SetBleSsOperationalMode
                0x00003528       0x20
 i.CyBle_SetBleSsOperationalMode
                0x00003528       0x20 C:\Program Files (x86)\Cypress\PSoC Creator\3.1\PSoC Creator\psoc\content\cycomponentlibrary\CyComponentLibrary.cylib\BLE_v1_10\Library\gccCyBLEStack_BLE_SOC_PERIPHERAL.a(CyBleStackMgr_BleSSDriver.o)
                0x00003528                CyBle_SetBleSsOperationalMode

i.CyBle_SetEventCloseState
                0x00003548        0xc
 i.CyBle_SetEventCloseState
                0x00003548        0xc C:\Program Files (x86)\Cypress\PSoC Creator\3.1\PSoC Creator\psoc\content\cycomponentlibrary\CyComponentLibrary.cylib\BLE_v1_10\Library\gccCyBLEStack_BLE_SOC_PERIPHERAL.a(CyBleStackMgr_BleSSDriver.o)
                0x00003548                CyBle_SetEventCloseState

i.CyBle_SetTxGainMode
                0x00003554       0x38
 i.CyBle_SetTxGainMode
                0x00003554       0x38 C:\Program Files (x86)\Cypress\PSoC Creator\3.1\PSoC Creator\psoc\content\cycomponentlibrary\CyComponentLibrary.cylib\BLE_v1_10\Library\gccCyBLEStack_BLE_SOC_PERIPHERAL.a(CyBleStackMgr_BleSSDriver.o)
                0x00003554                CyBle_SetTxGainMode

i.pf_rf_get_abs_rssi
                0x0000358c       0x24
 i.pf_rf_get_abs_rssi
                0x0000358c       0x24 C:\Program Files (x86)\Cypress\PSoC Creator\3.1\PSoC Creator\psoc\content\cycomponentlibrary\CyComponentLibrary.cylib\BLE_v1_10\Library\gccCyBLEStack_BLE_SOC_PERIPHERAL.a(CyBleStackMgr_BleSSDriver.o)
                0x0000358c                pf_rf_get_abs_rssi

i.OS_init       0x000035b0       0x64
 i.OS_init      0x000035b0       0x64 C:\Program Files (x86)\Cypress\PSoC Creator\3.1\PSoC Creator\psoc\content\cycomponentlibrary\CyComponentLibrary.cylib\BLE_v1_10\Library\gccCyBLEStack_BLE_SOC_PERIPHERAL.a(mint_os.o)
                0x000035b0                OS_init

i.mintos_malloc
                0x00003614       0x34
 i.mintos_malloc
                0x00003614       0x34 C:\Program Files (x86)\Cypress\PSoC Creator\3.1\PSoC Creator\psoc\content\cycomponentlibrary\CyComponentLibrary.cylib\BLE_v1_10\Library\gccCyBLEStack_BLE_SOC_PERIPHERAL.a(mint_os.o)
                0x00003614                mintos_malloc

i.OS_create_queue
                0x00003648       0x64
 i.OS_create_queue
                0x00003648       0x64 C:\Program Files (x86)\Cypress\PSoC Creator\3.1\PSoC Creator\psoc\content\cycomponentlibrary\CyComponentLibrary.cylib\BLE_v1_10\Library\gccCyBLEStack_BLE_SOC_PERIPHERAL.a(mint_os_queue.o)
                0x00003648                OS_create_queue

i.OS_enqueue_item
                0x000036ac       0x8c
 i.OS_enqueue_item
                0x000036ac       0x8c C:\Program Files (x86)\Cypress\PSoC Creator\3.1\PSoC Creator\psoc\content\cycomponentlibrary\CyComponentLibrary.cylib\BLE_v1_10\Library\gccCyBLEStack_BLE_SOC_PERIPHERAL.a(mint_os_queue.o)
                0x000036ac                OS_enqueue_item

i.OS_queue_get_num_of_items
                0x00003738       0x28
 i.OS_queue_get_num_of_items
                0x00003738       0x28 C:\Program Files (x86)\Cypress\PSoC Creator\3.1\PSoC Creator\psoc\content\cycomponentlibrary\CyComponentLibrary.cylib\BLE_v1_10\Library\gccCyBLEStack_BLE_SOC_PERIPHERAL.a(mint_os_queue.o)
                0x00003738                OS_queue_get_num_of_items

i.OS_queue_mgmt_init
                0x00003760       0x40
 i.OS_queue_mgmt_init
                0x00003760       0x40 C:\Program Files (x86)\Cypress\PSoC Creator\3.1\PSoC Creator\psoc\content\cycomponentlibrary\CyComponentLibrary.cylib\BLE_v1_10\Library\gccCyBLEStack_BLE_SOC_PERIPHERAL.a(mint_os_queue.o)
                0x00003760                OS_queue_mgmt_init

i.OS_remove_item
                0x000037a0       0xa0
 i.OS_remove_item
                0x000037a0       0xa0 C:\Program Files (x86)\Cypress\PSoC Creator\3.1\PSoC Creator\psoc\content\cycomponentlibrary\CyComponentLibrary.cylib\BLE_v1_10\Library\gccCyBLEStack_BLE_SOC_PERIPHERAL.a(mint_os_queue.o)
                0x000037a0                OS_remove_item

i.OS_create_task
                0x00003840       0x88
 i.OS_create_task
                0x00003840       0x88 C:\Program Files (x86)\Cypress\PSoC Creator\3.1\PSoC Creator\psoc\content\cycomponentlibrary\CyComponentLibrary.cylib\BLE_v1_10\Library\gccCyBLEStack_BLE_SOC_PERIPHERAL.a(mint_os_task.o)
                0x00003840                OS_create_task

i.OS_isr_send_signal_to_task
                0x000038c8        0xc
 i.OS_isr_send_signal_to_task
                0x000038c8        0xc C:\Program Files (x86)\Cypress\PSoC Creator\3.1\PSoC Creator\psoc\content\cycomponentlibrary\CyComponentLibrary.cylib\BLE_v1_10\Library\gccCyBLEStack_BLE_SOC_PERIPHERAL.a(mint_os_task.o)
                0x000038c8                OS_isr_send_signal_to_task

i.OS_scheduler  0x000038d4       0x64
 i.OS_scheduler
                0x000038d4       0x64 C:\Program Files (x86)\Cypress\PSoC Creator\3.1\PSoC Creator\psoc\content\cycomponentlibrary\CyComponentLibrary.cylib\BLE_v1_10\Library\gccCyBLEStack_BLE_SOC_PERIPHERAL.a(mint_os_task.o)
                0x000038d4                OS_scheduler

i.OS_send_signal_to_task
                0x00003938        0xc
 i.OS_send_signal_to_task
                0x00003938        0xc C:\Program Files (x86)\Cypress\PSoC Creator\3.1\PSoC Creator\psoc\content\cycomponentlibrary\CyComponentLibrary.cylib\BLE_v1_10\Library\gccCyBLEStack_BLE_SOC_PERIPHERAL.a(mint_os_task.o)
                0x00003938                OS_send_signal_to_task

i.OS_send_signal_to_task_context
                0x00003944       0x3c
 i.OS_send_signal_to_task_context
                0x00003944       0x3c C:\Program Files (x86)\Cypress\PSoC Creator\3.1\PSoC Creator\psoc\content\cycomponentlibrary\CyComponentLibrary.cylib\BLE_v1_10\Library\gccCyBLEStack_BLE_SOC_PERIPHERAL.a(mint_os_task.o)

i.OS_task_mgmt_init
                0x00003980       0x50
 i.OS_task_mgmt_init
                0x00003980       0x50 C:\Program Files (x86)\Cypress\PSoC Creator\3.1\PSoC Creator\psoc\content\cycomponentlibrary\CyComponentLibrary.cylib\BLE_v1_10\Library\gccCyBLEStack_BLE_SOC_PERIPHERAL.a(mint_os_task.o)
                0x00003980                OS_task_mgmt_init

i.mint_buf_mgmt_allocate_buffer
                0x000039d0       0x4c
 i.mint_buf_mgmt_allocate_buffer
                0x000039d0       0x4c C:\Program Files (x86)\Cypress\PSoC Creator\3.1\PSoC Creator\psoc\content\cycomponentlibrary\CyComponentLibrary.cylib\BLE_v1_10\Library\gccCyBLEStack_BLE_SOC_PERIPHERAL.a(mint_buf_mgmt.o)
                0x000039d0                mint_buf_mgmt_allocate_buffer

i.mint_buf_mgmt_create_pool
                0x00003a1c       0xd8
 i.mint_buf_mgmt_create_pool
                0x00003a1c       0xd8 C:\Program Files (x86)\Cypress\PSoC Creator\3.1\PSoC Creator\psoc\content\cycomponentlibrary\CyComponentLibrary.cylib\BLE_v1_10\Library\gccCyBLEStack_BLE_SOC_PERIPHERAL.a(mint_buf_mgmt.o)
                0x00003a1c                mint_buf_mgmt_create_pool

i.mint_buf_mgmt_free_buffer
                0x00003af4       0xa4
 i.mint_buf_mgmt_free_buffer
                0x00003af4       0xa4 C:\Program Files (x86)\Cypress\PSoC Creator\3.1\PSoC Creator\psoc\content\cycomponentlibrary\CyComponentLibrary.cylib\BLE_v1_10\Library\gccCyBLEStack_BLE_SOC_PERIPHERAL.a(mint_buf_mgmt.o)
                0x00003af4                mint_buf_mgmt_free_buffer

i.mint_buf_mgmt_get_free_heap
                0x00003b98       0x1c
 i.mint_buf_mgmt_get_free_heap
                0x00003b98       0x1c C:\Program Files (x86)\Cypress\PSoC Creator\3.1\PSoC Creator\psoc\content\cycomponentlibrary\CyComponentLibrary.cylib\BLE_v1_10\Library\gccCyBLEStack_BLE_SOC_PERIPHERAL.a(mint_buf_mgmt.o)
                0x00003b98                mint_buf_mgmt_get_free_heap

i.mint_buf_mgmt_init
                0x00003bb4       0x44
 i.mint_buf_mgmt_init
                0x00003bb4       0x44 C:\Program Files (x86)\Cypress\PSoC Creator\3.1\PSoC Creator\psoc\content\cycomponentlibrary\CyComponentLibrary.cylib\BLE_v1_10\Library\gccCyBLEStack_BLE_SOC_PERIPHERAL.a(mint_buf_mgmt.o)
                0x00003bb4                mint_buf_mgmt_init

i.mint_buf_mgmt_malloc
                0x00003bf8       0x2c
 i.mint_buf_mgmt_malloc
                0x00003bf8       0x2c C:\Program Files (x86)\Cypress\PSoC Creator\3.1\PSoC Creator\psoc\content\cycomponentlibrary\CyComponentLibrary.cylib\BLE_v1_10\Library\gccCyBLEStack_BLE_SOC_PERIPHERAL.a(mint_buf_mgmt.o)
                0x00003bf8                mint_buf_mgmt_malloc

i.mint_buf_mgmt_reset_pool
                0x00003c24       0x70
 i.mint_buf_mgmt_reset_pool
                0x00003c24       0x70 C:\Program Files (x86)\Cypress\PSoC Creator\3.1\PSoC Creator\psoc\content\cycomponentlibrary\CyComponentLibrary.cylib\BLE_v1_10\Library\gccCyBLEStack_BLE_SOC_PERIPHERAL.a(mint_buf_mgmt.o)
                0x00003c24                mint_buf_mgmt_reset_pool

i.mint_buf_mgmt_stack_init
                0x00003c94       0x24
 i.mint_buf_mgmt_stack_init
                0x00003c94       0x24 C:\Program Files (x86)\Cypress\PSoC Creator\3.1\PSoC Creator\psoc\content\cycomponentlibrary\CyComponentLibrary.cylib\BLE_v1_10\Library\gccCyBLEStack_BLE_SOC_PERIPHERAL.a(mint_buf_mgmt.o)
                0x00003c94                mint_buf_mgmt_stack_init

i.mint_buf_mgmt_stack_pop
                0x00003cb8       0x36
 i.mint_buf_mgmt_stack_pop
                0x00003cb8       0x36 C:\Program Files (x86)\Cypress\PSoC Creator\3.1\PSoC Creator\psoc\content\cycomponentlibrary\CyComponentLibrary.cylib\BLE_v1_10\Library\gccCyBLEStack_BLE_SOC_PERIPHERAL.a(mint_buf_mgmt.o)
                0x00003cb8                mint_buf_mgmt_stack_pop

i.mint_buf_mgmt_stack_push
                0x00003cee       0x36
 i.mint_buf_mgmt_stack_push
                0x00003cee       0x36 C:\Program Files (x86)\Cypress\PSoC Creator\3.1\PSoC Creator\psoc\content\cycomponentlibrary\CyComponentLibrary.cylib\BLE_v1_10\Library\gccCyBLEStack_BLE_SOC_PERIPHERAL.a(mint_buf_mgmt.o)
                0x00003cee                mint_buf_mgmt_stack_push

i.mint_buf_mgmt_stack_reset
                0x00003d24       0x1e
 i.mint_buf_mgmt_stack_reset
                0x00003d24       0x1e C:\Program Files (x86)\Cypress\PSoC Creator\3.1\PSoC Creator\psoc\content\cycomponentlibrary\CyComponentLibrary.cylib\BLE_v1_10\Library\gccCyBLEStack_BLE_SOC_PERIPHERAL.a(mint_buf_mgmt.o)
                0x00003d24                mint_buf_mgmt_stack_reset

i.mint_buf_mgmt_stack_search_item
                0x00003d42       0x30
 i.mint_buf_mgmt_stack_search_item
                0x00003d42       0x30 C:\Program Files (x86)\Cypress\PSoC Creator\3.1\PSoC Creator\psoc\content\cycomponentlibrary\CyComponentLibrary.cylib\BLE_v1_10\Library\gccCyBLEStack_BLE_SOC_PERIPHERAL.a(mint_buf_mgmt.o)
                0x00003d42                mint_buf_mgmt_stack_search_item

i.mint_buf_mgmt_pl_init
                0x00003d74       0x2c
 i.mint_buf_mgmt_pl_init
                0x00003d74       0x2c C:\Program Files (x86)\Cypress\PSoC Creator\3.1\PSoC Creator\psoc\content\cycomponentlibrary\CyComponentLibrary.cylib\BLE_v1_10\Library\gccCyBLEStack_BLE_SOC_PERIPHERAL.a(mint_buf_mgmt_pl.o)
                0x00003d74                mint_buf_mgmt_pl_init

i.CyBleControllerIP_GetPingState
                0x00003da0        0xc
 i.CyBleControllerIP_GetPingState
                0x00003da0        0xc C:\Program Files (x86)\Cypress\PSoC Creator\3.1\PSoC Creator\psoc\content\cycomponentlibrary\CyComponentLibrary.cylib\BLE_v1_10\Library\gccCyBLEStack_BLE_SOC_PERIPHERAL.a(CyBleControllerIP_Interface.o)
                0x00003da0                CyBleControllerIP_GetPingState

i.CyBleController_AddDeviceToWhiteList
                0x00003dac       0x40
 i.CyBleController_AddDeviceToWhiteList
                0x00003dac       0x40 C:\Program Files (x86)\Cypress\PSoC Creator\3.1\PSoC Creator\psoc\content\cycomponentlibrary\CyComponentLibrary.cylib\BLE_v1_10\Library\gccCyBLEStack_BLE_SOC_PERIPHERAL.a(CyBleControllerIP_Interface.o)
                0x00003dac                CyBleController_AddDeviceToWhiteList

i.CyBleController_ExitLowPowerMode
                0x00003dec       0x10
 i.CyBleController_ExitLowPowerMode
                0x00003dec       0x10 C:\Program Files (x86)\Cypress\PSoC Creator\3.1\PSoC Creator\psoc\content\cycomponentlibrary\CyComponentLibrary.cylib\BLE_v1_10\Library\gccCyBLEStack_BLE_SOC_PERIPHERAL.a(CyBleControllerIP_Interface.o)
                0x00003dec                CyBleController_ExitLowPowerMode

i.CyBleController_Init
                0x00003dfc       0x3c
 i.CyBleController_Init
                0x00003dfc       0x3c C:\Program Files (x86)\Cypress\PSoC Creator\3.1\PSoC Creator\psoc\content\cycomponentlibrary\CyComponentLibrary.cylib\BLE_v1_10\Library\gccCyBLEStack_BLE_SOC_PERIPHERAL.a(CyBleControllerIP_Interface.o)
                0x00003dfc                CyBleController_Init

i.CyBleController_SetDeviceAddress
                0x00003e38       0x2e
 i.CyBleController_SetDeviceAddress
                0x00003e38       0x2e C:\Program Files (x86)\Cypress\PSoC Creator\3.1\PSoC Creator\psoc\content\cycomponentlibrary\CyComponentLibrary.cylib\BLE_v1_10\Library\gccCyBLEStack_BLE_SOC_PERIPHERAL.a(CyBleControllerIP_Interface.o)
                0x00003e38                CyBleController_SetDeviceAddress

i.CyBle_GetTxPowerLevel
                0x00003e66       0x4e
 i.CyBle_GetTxPowerLevel
                0x00003e66       0x4e C:\Program Files (x86)\Cypress\PSoC Creator\3.1\PSoC Creator\psoc\content\cycomponentlibrary\CyComponentLibrary.cylib\BLE_v1_10\Library\gccCyBLEStack_BLE_SOC_PERIPHERAL.a(CyBleControllerIP_Interface.o)
                0x00003e66                CyBle_GetTxPowerLevel

i.CyBle_SetTxPowerLevel
                0x00003eb4       0x56
 i.CyBle_SetTxPowerLevel
                0x00003eb4       0x56 C:\Program Files (x86)\Cypress\PSoC Creator\3.1\PSoC Creator\psoc\content\cycomponentlibrary\CyComponentLibrary.cylib\BLE_v1_10\Library\gccCyBLEStack_BLE_SOC_PERIPHERAL.a(CyBleControllerIP_Interface.o)
                0x00003eb4                CyBle_SetTxPowerLevel

i.ll_check_and_mark_packet_ready_for_transmission
                0x00003f0c       0x28
 i.ll_check_and_mark_packet_ready_for_transmission
                0x00003f0c       0x28 C:\Program Files (x86)\Cypress\PSoC Creator\3.1\PSoC Creator\psoc\content\cycomponentlibrary\CyComponentLibrary.cylib\BLE_v1_10\Library\gccCyBLEStack_BLE_SOC_PERIPHERAL.a(ll.o)
                0x00003f0c                ll_check_and_mark_packet_ready_for_transmission

i.ll_cleanup_pending_data_pdu
                0x00003f34       0x38
 i.ll_cleanup_pending_data_pdu
                0x00003f34       0x38 C:\Program Files (x86)\Cypress\PSoC Creator\3.1\PSoC Creator\psoc\content\cycomponentlibrary\CyComponentLibrary.cylib\BLE_v1_10\Library\gccCyBLEStack_BLE_SOC_PERIPHERAL.a(ll.o)
                0x00003f34                ll_cleanup_pending_data_pdu

i.ll_exit_low_power_mode
                0x00003f6c       0x98
 i.ll_exit_low_power_mode
                0x00003f6c       0x98 C:\Program Files (x86)\Cypress\PSoC Creator\3.1\PSoC Creator\psoc\content\cycomponentlibrary\CyComponentLibrary.cylib\BLE_v1_10\Library\gccCyBLEStack_BLE_SOC_PERIPHERAL.a(ll.o)
                0x00003f6c                ll_exit_low_power_mode

i.ll_get_ack_status
                0x00004004       0x3c
 i.ll_get_ack_status
                0x00004004       0x3c C:\Program Files (x86)\Cypress\PSoC Creator\3.1\PSoC Creator\psoc\content\cycomponentlibrary\CyComponentLibrary.cylib\BLE_v1_10\Library\gccCyBLEStack_BLE_SOC_PERIPHERAL.a(ll.o)
                0x00004004                ll_get_ack_status

i.ll_get_adv_ch_tx_power
                0x00004040       0x20
 i.ll_get_adv_ch_tx_power
                0x00004040       0x20 C:\Program Files (x86)\Cypress\PSoC Creator\3.1\PSoC Creator\psoc\content\cycomponentlibrary\CyComponentLibrary.cylib\BLE_v1_10\Library\gccCyBLEStack_BLE_SOC_PERIPHERAL.a(ll.o)
                0x00004040                ll_get_adv_ch_tx_power

i.ll_get_data_channel_map
                0x00004060       0x24
 i.ll_get_data_channel_map
                0x00004060       0x24 C:\Program Files (x86)\Cypress\PSoC Creator\3.1\PSoC Creator\psoc\content\cycomponentlibrary\CyComponentLibrary.cylib\BLE_v1_10\Library\gccCyBLEStack_BLE_SOC_PERIPHERAL.a(ll.o)
                0x00004060                ll_get_data_channel_map

i.ll_get_max_white_list_size
                0x00004084        0xc
 i.ll_get_max_white_list_size
                0x00004084        0xc C:\Program Files (x86)\Cypress\PSoC Creator\3.1\PSoC Creator\psoc\content\cycomponentlibrary\CyComponentLibrary.cylib\BLE_v1_10\Library\gccCyBLEStack_BLE_SOC_PERIPHERAL.a(ll.o)
                0x00004084                ll_get_max_white_list_size

i.ll_get_my_role
                0x00004090        0xc
 i.ll_get_my_role
                0x00004090        0xc C:\Program Files (x86)\Cypress\PSoC Creator\3.1\PSoC Creator\psoc\content\cycomponentlibrary\CyComponentLibrary.cylib\BLE_v1_10\Library\gccCyBLEStack_BLE_SOC_PERIPHERAL.a(ll.o)
                0x00004090                ll_get_my_role

i.ll_get_next_available_fifo_for_data_pdu
                0x0000409c        0x8
 i.ll_get_next_available_fifo_for_data_pdu
                0x0000409c        0x8 C:\Program Files (x86)\Cypress\PSoC Creator\3.1\PSoC Creator\psoc\content\cycomponentlibrary\CyComponentLibrary.cylib\BLE_v1_10\Library\gccCyBLEStack_BLE_SOC_PERIPHERAL.a(ll.o)
                0x0000409c                ll_get_next_available_fifo_for_data_pdu

i.ll_get_next_available_fifo_for_ll_pdu
                0x000040a4       0x24
 i.ll_get_next_available_fifo_for_ll_pdu
                0x000040a4       0x24 C:\Program Files (x86)\Cypress\PSoC Creator\3.1\PSoC Creator\psoc\content\cycomponentlibrary\CyComponentLibrary.cylib\BLE_v1_10\Library\gccCyBLEStack_BLE_SOC_PERIPHERAL.a(ll.o)
                0x000040a4                ll_get_next_available_fifo_for_ll_pdu

i.ll_get_rssi_value
                0x000040c8       0x26
 i.ll_get_rssi_value
                0x000040c8       0x26 C:\Program Files (x86)\Cypress\PSoC Creator\3.1\PSoC Creator\psoc\content\cycomponentlibrary\CyComponentLibrary.cylib\BLE_v1_10\Library\gccCyBLEStack_BLE_SOC_PERIPHERAL.a(ll.o)
                0x000040c8                ll_get_rssi_value

i.ll_get_transmit_power_level
                0x000040f0       0x2c
 i.ll_get_transmit_power_level
                0x000040f0       0x2c C:\Program Files (x86)\Cypress\PSoC Creator\3.1\PSoC Creator\psoc\content\cycomponentlibrary\CyComponentLibrary.cylib\BLE_v1_10\Library\gccCyBLEStack_BLE_SOC_PERIPHERAL.a(ll.o)
                0x000040f0                ll_get_transmit_power_level

i.ll_handle_ack_received
                0x0000411c       0x74
 i.ll_handle_ack_received
                0x0000411c       0x74 C:\Program Files (x86)\Cypress\PSoC Creator\3.1\PSoC Creator\psoc\content\cycomponentlibrary\CyComponentLibrary.cylib\BLE_v1_10\Library\gccCyBLEStack_BLE_SOC_PERIPHERAL.a(ll.o)
                0x0000411c                ll_handle_ack_received

i.ll_handle_add_device_in_whitelist
                0x00004190       0x3a
 i.ll_handle_add_device_in_whitelist
                0x00004190       0x3a C:\Program Files (x86)\Cypress\PSoC Creator\3.1\PSoC Creator\psoc\content\cycomponentlibrary\CyComponentLibrary.cylib\BLE_v1_10\Library\gccCyBLEStack_BLE_SOC_PERIPHERAL.a(ll.o)
                0x00004190                ll_handle_add_device_in_whitelist

i.ll_handle_clear_whitelist
                0x000041ca       0x16
 i.ll_handle_clear_whitelist
                0x000041ca       0x16 C:\Program Files (x86)\Cypress\PSoC Creator\3.1\PSoC Creator\psoc\content\cycomponentlibrary\CyComponentLibrary.cylib\BLE_v1_10\Library\gccCyBLEStack_BLE_SOC_PERIPHERAL.a(ll.o)
                0x000041ca                ll_handle_clear_whitelist

i.ll_handle_encrypt_host_data
                0x000041e0       0x36
 i.ll_handle_encrypt_host_data
                0x000041e0       0x36 C:\Program Files (x86)\Cypress\PSoC Creator\3.1\PSoC Creator\psoc\content\cycomponentlibrary\CyComponentLibrary.cylib\BLE_v1_10\Library\gccCyBLEStack_BLE_SOC_PERIPHERAL.a(ll.o)
                0x000041e0                ll_handle_encrypt_host_data

i.ll_handle_host_data_packet
                0x00004216       0x54
 i.ll_handle_host_data_packet
                0x00004216       0x54 C:\Program Files (x86)\Cypress\PSoC Creator\3.1\PSoC Creator\psoc\content\cycomponentlibrary\CyComponentLibrary.cylib\BLE_v1_10\Library\gccCyBLEStack_BLE_SOC_PERIPHERAL.a(ll.o)
                0x00004216                ll_handle_host_data_packet

i.ll_handle_read_host_channel_map
                0x0000426a        0x4
 i.ll_handle_read_host_channel_map
                0x0000426a        0x4 C:\Program Files (x86)\Cypress\PSoC Creator\3.1\PSoC Creator\psoc\content\cycomponentlibrary\CyComponentLibrary.cylib\BLE_v1_10\Library\gccCyBLEStack_BLE_SOC_PERIPHERAL.a(ll.o)
                0x0000426a                ll_handle_read_host_channel_map

i.ll_handle_remove_device_in_whitelist
                0x0000426e       0x2a
 i.ll_handle_remove_device_in_whitelist
                0x0000426e       0x2a C:\Program Files (x86)\Cypress\PSoC Creator\3.1\PSoC Creator\psoc\content\cycomponentlibrary\CyComponentLibrary.cylib\BLE_v1_10\Library\gccCyBLEStack_BLE_SOC_PERIPHERAL.a(ll.o)
                0x0000426e                ll_handle_remove_device_in_whitelist

i.ll_handle_reset
                0x00004298        0xe
 i.ll_handle_reset
                0x00004298        0xe C:\Program Files (x86)\Cypress\PSoC Creator\3.1\PSoC Creator\psoc\content\cycomponentlibrary\CyComponentLibrary.cylib\BLE_v1_10\Library\gccCyBLEStack_BLE_SOC_PERIPHERAL.a(ll.o)
                0x00004298                ll_handle_reset

i.ll_handle_set_random_address
                0x000042a6       0x36
 i.ll_handle_set_random_address
                0x000042a6       0x36 C:\Program Files (x86)\Cypress\PSoC Creator\3.1\PSoC Creator\psoc\content\cycomponentlibrary\CyComponentLibrary.cylib\BLE_v1_10\Library\gccCyBLEStack_BLE_SOC_PERIPHERAL.a(ll.o)
                0x000042a6                ll_handle_set_random_address

i.ll_init       0x000042dc       0x18
 i.ll_init      0x000042dc       0x18 C:\Program Files (x86)\Cypress\PSoC Creator\3.1\PSoC Creator\psoc\content\cycomponentlibrary\CyComponentLibrary.cylib\BLE_v1_10\Library\gccCyBLEStack_BLE_SOC_PERIPHERAL.a(ll.o)
                0x000042dc                ll_init

i.ll_initialize_device_attributes
                0x000042f4       0x4c
 i.ll_initialize_device_attributes
                0x000042f4       0x4c C:\Program Files (x86)\Cypress\PSoC Creator\3.1\PSoC Creator\psoc\content\cycomponentlibrary\CyComponentLibrary.cylib\BLE_v1_10\Library\gccCyBLEStack_BLE_SOC_PERIPHERAL.a(ll.o)
                0x000042f4                ll_initialize_device_attributes

i.ll_is_pkt_pending
                0x00004340       0x2a
 i.ll_is_pkt_pending
                0x00004340       0x2a C:\Program Files (x86)\Cypress\PSoC Creator\3.1\PSoC Creator\psoc\content\cycomponentlibrary\CyComponentLibrary.cylib\BLE_v1_10\Library\gccCyBLEStack_BLE_SOC_PERIPHERAL.a(ll.o)
                0x00004340                ll_is_pkt_pending

i.ll_is_sent_pkt_pending
                0x0000436a       0x1a
 i.ll_is_sent_pkt_pending
                0x0000436a       0x1a C:\Program Files (x86)\Cypress\PSoC Creator\3.1\PSoC Creator\psoc\content\cycomponentlibrary\CyComponentLibrary.cylib\BLE_v1_10\Library\gccCyBLEStack_BLE_SOC_PERIPHERAL.a(ll.o)
                0x0000436a                ll_is_sent_pkt_pending

i.ll_isr_exit_low_power_mode
                0x00004384       0x16
 i.ll_isr_exit_low_power_mode
                0x00004384       0x16 C:\Program Files (x86)\Cypress\PSoC Creator\3.1\PSoC Creator\psoc\content\cycomponentlibrary\CyComponentLibrary.cylib\BLE_v1_10\Library\gccCyBLEStack_BLE_SOC_PERIPHERAL.a(ll.o)
                0x00004384                ll_isr_exit_low_power_mode

i.ll_load_host_data_packet
                0x0000439a       0x4a
 i.ll_load_host_data_packet
                0x0000439a       0x4a C:\Program Files (x86)\Cypress\PSoC Creator\3.1\PSoC Creator\psoc\content\cycomponentlibrary\CyComponentLibrary.cylib\BLE_v1_10\Library\gccCyBLEStack_BLE_SOC_PERIPHERAL.a(ll.o)
                0x0000439a                ll_load_host_data_packet

i.ll_load_packet_to_fifo
                0x000043e4       0x6e
 i.ll_load_packet_to_fifo
                0x000043e4       0x6e C:\Program Files (x86)\Cypress\PSoC Creator\3.1\PSoC Creator\psoc\content\cycomponentlibrary\CyComponentLibrary.cylib\BLE_v1_10\Library\gccCyBLEStack_BLE_SOC_PERIPHERAL.a(ll.o)
                0x000043e4                ll_load_packet_to_fifo

i.ll_process_acks
                0x00004452       0x3c
 i.ll_process_acks
                0x00004452       0x3c C:\Program Files (x86)\Cypress\PSoC Creator\3.1\PSoC Creator\psoc\content\cycomponentlibrary\CyComponentLibrary.cylib\BLE_v1_10\Library\gccCyBLEStack_BLE_SOC_PERIPHERAL.a(ll.o)
                0x00004452                ll_process_acks

i.ll_reset      0x0000448e       0x12
 i.ll_reset     0x0000448e       0x12 C:\Program Files (x86)\Cypress\PSoC Creator\3.1\PSoC Creator\psoc\content\cycomponentlibrary\CyComponentLibrary.cylib\BLE_v1_10\Library\gccCyBLEStack_BLE_SOC_PERIPHERAL.a(ll.o)
                0x0000448e                ll_reset

i.ll_update_active_features
                0x000044a0       0x58
 i.ll_update_active_features
                0x000044a0       0x58 C:\Program Files (x86)\Cypress\PSoC Creator\3.1\PSoC Creator\psoc\content\cycomponentlibrary\CyComponentLibrary.cylib\BLE_v1_10\Library\gccCyBLEStack_BLE_SOC_PERIPHERAL.a(ll.o)
                0x000044a0                ll_update_active_features

i.ll_update_device_fsm
                0x000044f8        0x8
 i.ll_update_device_fsm
                0x000044f8        0x8 C:\Program Files (x86)\Cypress\PSoC Creator\3.1\PSoC Creator\psoc\content\cycomponentlibrary\CyComponentLibrary.cylib\BLE_v1_10\Library\gccCyBLEStack_BLE_SOC_PERIPHERAL.a(ll.o)
                0x000044f8                ll_update_device_fsm

i.pf_le_start_timer
                0x00004500       0x16
 i.pf_le_start_timer
                0x00004500       0x16 C:\Program Files (x86)\Cypress\PSoC Creator\3.1\PSoC Creator\psoc\content\cycomponentlibrary\CyComponentLibrary.cylib\BLE_v1_10\Library\gccCyBLEStack_BLE_SOC_PERIPHERAL.a(ll.o)
                0x00004500                pf_le_start_timer

i.pf_le_stop_timer
                0x00004516       0x12
 i.pf_le_stop_timer
                0x00004516       0x12 C:\Program Files (x86)\Cypress\PSoC Creator\3.1\PSoC Creator\psoc\content\cycomponentlibrary\CyComponentLibrary.cylib\BLE_v1_10\Library\gccCyBLEStack_BLE_SOC_PERIPHERAL.a(ll.o)
                0x00004516                pf_le_stop_timer

i.CyBleControllerIP_TuneAdvEventInterPktSlots
                0x00004528       0x44
 i.CyBleControllerIP_TuneAdvEventInterPktSlots
                0x00004528       0x44 C:\Program Files (x86)\Cypress\PSoC Creator\3.1\PSoC Creator\psoc\content\cycomponentlibrary\CyComponentLibrary.cylib\BLE_v1_10\Library\gccCyBLEStack_BLE_SOC_PERIPHERAL.a(ll_advertiser.o)
                0x00004528                CyBleControllerIP_TuneAdvEventInterPktSlots

i.ll_adv_is_configured_connection_adv
                0x0000456c       0x1e
 i.ll_adv_is_configured_connection_adv
                0x0000456c       0x1e C:\Program Files (x86)\Cypress\PSoC Creator\3.1\PSoC Creator\psoc\content\cycomponentlibrary\CyComponentLibrary.cylib\BLE_v1_10\Library\gccCyBLEStack_BLE_SOC_PERIPHERAL.a(ll_advertiser.o)
                0x0000456c                ll_adv_is_configured_connection_adv

i.ll_check_random_address_in_use_by_advertiser
                0x0000458a       0x10
 i.ll_check_random_address_in_use_by_advertiser
                0x0000458a       0x10 C:\Program Files (x86)\Cypress\PSoC Creator\3.1\PSoC Creator\psoc\content\cycomponentlibrary\CyComponentLibrary.cylib\BLE_v1_10\Library\gccCyBLEStack_BLE_SOC_PERIPHERAL.a(ll_advertiser.o)
                0x0000458a                ll_check_random_address_in_use_by_advertiser

i.ll_check_whitelist_in_use_by_advertiser
                0x0000459a       0x10
 i.ll_check_whitelist_in_use_by_advertiser
                0x0000459a       0x10 C:\Program Files (x86)\Cypress\PSoC Creator\3.1\PSoC Creator\psoc\content\cycomponentlibrary\CyComponentLibrary.cylib\BLE_v1_10\Library\gccCyBLEStack_BLE_SOC_PERIPHERAL.a(ll_advertiser.o)
                0x0000459a                ll_check_whitelist_in_use_by_advertiser

i.ll_get_adv_status
                0x000045aa        0xc
 i.ll_get_adv_status
                0x000045aa        0xc C:\Program Files (x86)\Cypress\PSoC Creator\3.1\PSoC Creator\psoc\content\cycomponentlibrary\CyComponentLibrary.cylib\BLE_v1_10\Library\gccCyBLEStack_BLE_SOC_PERIPHERAL.a(ll_advertiser.o)
                0x000045aa                ll_get_adv_status

i.ll_get_adv_type
                0x000045b6       0x16
 i.ll_get_adv_type
                0x000045b6       0x16 C:\Program Files (x86)\Cypress\PSoC Creator\3.1\PSoC Creator\psoc\content\cycomponentlibrary\CyComponentLibrary.cylib\BLE_v1_10\Library\gccCyBLEStack_BLE_SOC_PERIPHERAL.a(ll_advertiser.o)
                0x000045b6                ll_get_adv_type

i.ll_handle_adv_intr
                0x000045cc       0x50
 i.ll_handle_adv_intr
                0x000045cc       0x50 C:\Program Files (x86)\Cypress\PSoC Creator\3.1\PSoC Creator\psoc\content\cycomponentlibrary\CyComponentLibrary.cylib\BLE_v1_10\Library\gccCyBLEStack_BLE_SOC_PERIPHERAL.a(ll_advertiser.o)
                0x000045cc                ll_handle_adv_intr

i.ll_handle_set_adv_data
                0x0000461c       0x14
 i.ll_handle_set_adv_data
                0x0000461c       0x14 C:\Program Files (x86)\Cypress\PSoC Creator\3.1\PSoC Creator\psoc\content\cycomponentlibrary\CyComponentLibrary.cylib\BLE_v1_10\Library\gccCyBLEStack_BLE_SOC_PERIPHERAL.a(ll_advertiser.o)
                0x0000461c                ll_handle_set_adv_data

i.ll_handle_set_adv_parameters
                0x00004630       0x84
 i.ll_handle_set_adv_parameters
                0x00004630       0x84 C:\Program Files (x86)\Cypress\PSoC Creator\3.1\PSoC Creator\psoc\content\cycomponentlibrary\CyComponentLibrary.cylib\BLE_v1_10\Library\gccCyBLEStack_BLE_SOC_PERIPHERAL.a(ll_advertiser.o)
                0x00004630                ll_handle_set_adv_parameters

i.ll_handle_set_advertise_enable
                0x000046b4       0x70
 i.ll_handle_set_advertise_enable
                0x000046b4       0x70 C:\Program Files (x86)\Cypress\PSoC Creator\3.1\PSoC Creator\psoc\content\cycomponentlibrary\CyComponentLibrary.cylib\BLE_v1_10\Library\gccCyBLEStack_BLE_SOC_PERIPHERAL.a(ll_advertiser.o)
                0x000046b4                ll_handle_set_advertise_enable

i.ll_handle_set_scan_resp_data
                0x00004724       0x14
 i.ll_handle_set_scan_resp_data
                0x00004724       0x14 C:\Program Files (x86)\Cypress\PSoC Creator\3.1\PSoC Creator\psoc\content\cycomponentlibrary\CyComponentLibrary.cylib\BLE_v1_10\Library\gccCyBLEStack_BLE_SOC_PERIPHERAL.a(ll_advertiser.o)
                0x00004724                ll_handle_set_scan_resp_data

i.ll_init_advertiser
                0x00004738       0x68
 i.ll_init_advertiser
                0x00004738       0x68 C:\Program Files (x86)\Cypress\PSoC Creator\3.1\PSoC Creator\psoc\content\cycomponentlibrary\CyComponentLibrary.cylib\BLE_v1_10\Library\gccCyBLEStack_BLE_SOC_PERIPHERAL.a(ll_advertiser.o)
                0x00004738                ll_init_advertiser

i.is_le_connection_handle
                0x000047a0       0x28
 i.is_le_connection_handle
                0x000047a0       0x28 C:\Program Files (x86)\Cypress\PSoC Creator\3.1\PSoC Creator\psoc\content\cycomponentlibrary\CyComponentLibrary.cylib\BLE_v1_10\Library\gccCyBLEStack_BLE_SOC_PERIPHERAL.a(ll_connection.o)
                0x000047a0                is_le_connection_handle

i.le_assign_connection_handle
                0x000047c8       0x28
 i.le_assign_connection_handle
                0x000047c8       0x28 C:\Program Files (x86)\Cypress\PSoC Creator\3.1\PSoC Creator\psoc\content\cycomponentlibrary\CyComponentLibrary.cylib\BLE_v1_10\Library\gccCyBLEStack_BLE_SOC_PERIPHERAL.a(ll_connection.o)
                0x000047c8                le_assign_connection_handle

i.le_get_connection_index
                0x000047f0        0x6
 i.le_get_connection_index
                0x000047f0        0x6 C:\Program Files (x86)\Cypress\PSoC Creator\3.1\PSoC Creator\psoc\content\cycomponentlibrary\CyComponentLibrary.cylib\BLE_v1_10\Library\gccCyBLEStack_BLE_SOC_PERIPHERAL.a(ll_connection.o)
                0x000047f0                le_get_connection_index

i.ll_allocate_connection
                0x000047f8       0x44
 i.ll_allocate_connection
                0x000047f8       0x44 C:\Program Files (x86)\Cypress\PSoC Creator\3.1\PSoC Creator\psoc\content\cycomponentlibrary\CyComponentLibrary.cylib\BLE_v1_10\Library\gccCyBLEStack_BLE_SOC_PERIPHERAL.a(ll_connection.o)
                0x000047f8                ll_allocate_connection

i.ll_calculate_and_program_def_win_widen_drift
                0x0000483c       0x14
 i.ll_calculate_and_program_def_win_widen_drift
                0x0000483c       0x14 C:\Program Files (x86)\Cypress\PSoC Creator\3.1\PSoC Creator\psoc\content\cycomponentlibrary\CyComponentLibrary.cylib\BLE_v1_10\Library\gccCyBLEStack_BLE_SOC_PERIPHERAL.a(ll_connection.o)
                0x0000483c                ll_calculate_and_program_def_win_widen_drift

i.ll_calculate_drift
                0x00004850       0x2c
 i.ll_calculate_drift
                0x00004850       0x2c C:\Program Files (x86)\Cypress\PSoC Creator\3.1\PSoC Creator\psoc\content\cycomponentlibrary\CyComponentLibrary.cylib\BLE_v1_10\Library\gccCyBLEStack_BLE_SOC_PERIPHERAL.a(ll_connection.o)
                0x00004850                ll_calculate_drift

i.ll_check_and_decrypt_ll_pdu
                0x0000487c       0x68
 i.ll_check_and_decrypt_ll_pdu
                0x0000487c       0x68 C:\Program Files (x86)\Cypress\PSoC Creator\3.1\PSoC Creator\psoc\content\cycomponentlibrary\CyComponentLibrary.cylib\BLE_v1_10\Library\gccCyBLEStack_BLE_SOC_PERIPHERAL.a(ll_connection.o)
                0x0000487c                ll_check_and_decrypt_ll_pdu

i.ll_check_and_decrypt_packet
                0x000048e4       0x6a
 i.ll_check_and_decrypt_packet
                0x000048e4       0x6a C:\Program Files (x86)\Cypress\PSoC Creator\3.1\PSoC Creator\psoc\content\cycomponentlibrary\CyComponentLibrary.cylib\BLE_v1_10\Library\gccCyBLEStack_BLE_SOC_PERIPHERAL.a(ll_connection.o)
                0x000048e4                ll_check_and_decrypt_packet

i.ll_check_and_encrypt_ll_pdu
                0x0000494e       0x72
 i.ll_check_and_encrypt_ll_pdu
                0x0000494e       0x72 C:\Program Files (x86)\Cypress\PSoC Creator\3.1\PSoC Creator\psoc\content\cycomponentlibrary\CyComponentLibrary.cylib\BLE_v1_10\Library\gccCyBLEStack_BLE_SOC_PERIPHERAL.a(ll_connection.o)
                0x0000494e                ll_check_and_encrypt_ll_pdu

i.ll_check_and_encrypt_packet
                0x000049c0       0x8a
 i.ll_check_and_encrypt_packet
                0x000049c0       0x8a C:\Program Files (x86)\Cypress\PSoC Creator\3.1\PSoC Creator\psoc\content\cycomponentlibrary\CyComponentLibrary.cylib\BLE_v1_10\Library\gccCyBLEStack_BLE_SOC_PERIPHERAL.a(ll_connection.o)
                0x000049c0                ll_check_and_encrypt_packet

i.ll_check_for_allowing_incoming_connection_update
                0x00004a4a       0x42
 i.ll_check_for_allowing_incoming_connection_update
                0x00004a4a       0x42 C:\Program Files (x86)\Cypress\PSoC Creator\3.1\PSoC Creator\psoc\content\cycomponentlibrary\CyComponentLibrary.cylib\BLE_v1_10\Library\gccCyBLEStack_BLE_SOC_PERIPHERAL.a(ll_connection.o)
                0x00004a4a                ll_check_for_allowing_incoming_connection_update

i.ll_check_if_pdu_is_loaded_to_hardware
                0x00004a8c       0x1c
 i.ll_check_if_pdu_is_loaded_to_hardware
                0x00004a8c       0x1c C:\Program Files (x86)\Cypress\PSoC Creator\3.1\PSoC Creator\psoc\content\cycomponentlibrary\CyComponentLibrary.cylib\BLE_v1_10\Library\gccCyBLEStack_BLE_SOC_PERIPHERAL.a(ll_connection.o)
                0x00004a8c                ll_check_if_pdu_is_loaded_to_hardware

i.ll_check_random_address_in_use_by_initiator
                0x00004aa8       0x30
 i.ll_check_random_address_in_use_by_initiator
                0x00004aa8       0x30 C:\Program Files (x86)\Cypress\PSoC Creator\3.1\PSoC Creator\psoc\content\cycomponentlibrary\CyComponentLibrary.cylib\BLE_v1_10\Library\gccCyBLEStack_BLE_SOC_PERIPHERAL.a(ll_connection.o)
                0x00004aa8                ll_check_random_address_in_use_by_initiator

i.ll_check_white_list_in_use_by_initiator
                0x00004ad8       0x30
 i.ll_check_white_list_in_use_by_initiator
                0x00004ad8       0x30 C:\Program Files (x86)\Cypress\PSoC Creator\3.1\PSoC Creator\psoc\content\cycomponentlibrary\CyComponentLibrary.cylib\BLE_v1_10\Library\gccCyBLEStack_BLE_SOC_PERIPHERAL.a(ll_connection.o)
                0x00004ad8                ll_check_white_list_in_use_by_initiator

i.ll_conn_free_enc_txn_buffer
                0x00004b08       0x16
 i.ll_conn_free_enc_txn_buffer
                0x00004b08       0x16 C:\Program Files (x86)\Cypress\PSoC Creator\3.1\PSoC Creator\psoc\content\cycomponentlibrary\CyComponentLibrary.cylib\BLE_v1_10\Library\gccCyBLEStack_BLE_SOC_PERIPHERAL.a(ll_connection.o)
                0x00004b08                ll_conn_free_enc_txn_buffer

i.ll_conn_fsm_update_channel_state
                0x00004b1e        0x6
 i.ll_conn_fsm_update_channel_state
                0x00004b1e        0x6 C:\Program Files (x86)\Cypress\PSoC Creator\3.1\PSoC Creator\psoc\content\cycomponentlibrary\CyComponentLibrary.cylib\BLE_v1_10\Library\gccCyBLEStack_BLE_SOC_PERIPHERAL.a(ll_connection.o)
                0x00004b1e                ll_conn_fsm_update_channel_state

i.ll_conn_fsm_update_conn_update_state
                0x00004b24        0x6
 i.ll_conn_fsm_update_conn_update_state
                0x00004b24        0x6 C:\Program Files (x86)\Cypress\PSoC Creator\3.1\PSoC Creator\psoc\content\cycomponentlibrary\CyComponentLibrary.cylib\BLE_v1_10\Library\gccCyBLEStack_BLE_SOC_PERIPHERAL.a(ll_connection.o)
                0x00004b24                ll_conn_fsm_update_conn_update_state

i.ll_conn_fsm_update_enc_state
                0x00004b2a        0x6
 i.ll_conn_fsm_update_enc_state
                0x00004b2a        0x6 C:\Program Files (x86)\Cypress\PSoC Creator\3.1\PSoC Creator\psoc\content\cycomponentlibrary\CyComponentLibrary.cylib\BLE_v1_10\Library\gccCyBLEStack_BLE_SOC_PERIPHERAL.a(ll_connection.o)
                0x00004b2a                ll_conn_fsm_update_enc_state

i.ll_conn_fsm_update_state
                0x00004b30        0x4
 i.ll_conn_fsm_update_state
                0x00004b30        0x4 C:\Program Files (x86)\Cypress\PSoC Creator\3.1\PSoC Creator\psoc\content\cycomponentlibrary\CyComponentLibrary.cylib\BLE_v1_10\Library\gccCyBLEStack_BLE_SOC_PERIPHERAL.a(ll_connection.o)
                0x00004b30                ll_conn_fsm_update_state

i.ll_conn_handle_data_pdu_from_host_when_data_paused
                0x00004b34        0x8
 i.ll_conn_handle_data_pdu_from_host_when_data_paused
                0x00004b34        0x8 C:\Program Files (x86)\Cypress\PSoC Creator\3.1\PSoC Creator\psoc\content\cycomponentlibrary\CyComponentLibrary.cylib\BLE_v1_10\Library\gccCyBLEStack_BLE_SOC_PERIPHERAL.a(ll_connection.o)
                0x00004b34                ll_conn_handle_data_pdu_from_host_when_data_paused

i.ll_conn_handle_direct_adv_timeout
                0x00004b3c       0x2a
 i.ll_conn_handle_direct_adv_timeout
                0x00004b3c       0x2a C:\Program Files (x86)\Cypress\PSoC Creator\3.1\PSoC Creator\psoc\content\cycomponentlibrary\CyComponentLibrary.cylib\BLE_v1_10\Library\gccCyBLEStack_BLE_SOC_PERIPHERAL.a(ll_connection.o)
                0x00004b3c                ll_conn_handle_direct_adv_timeout

i.ll_conn_handle_ping_timer_expired_interrupt
                0x00004b68       0x1c
 i.ll_conn_handle_ping_timer_expired_interrupt
                0x00004b68       0x1c C:\Program Files (x86)\Cypress\PSoC Creator\3.1\PSoC Creator\psoc\content\cycomponentlibrary\CyComponentLibrary.cylib\BLE_v1_10\Library\gccCyBLEStack_BLE_SOC_PERIPHERAL.a(ll_connection.o)
                0x00004b68                ll_conn_handle_ping_timer_expired_interrupt

i.ll_conn_handle_ping_timer_nearly_expired_interrupt
                0x00004b84       0x20
 i.ll_conn_handle_ping_timer_nearly_expired_interrupt
                0x00004b84       0x20 C:\Program Files (x86)\Cypress\PSoC Creator\3.1\PSoC Creator\psoc\content\cycomponentlibrary\CyComponentLibrary.cylib\BLE_v1_10\Library\gccCyBLEStack_BLE_SOC_PERIPHERAL.a(ll_connection.o)
                0x00004b84                ll_conn_handle_ping_timer_nearly_expired_interrupt

i.ll_conn_handle_stop_connectable_adv
                0x00004ba4       0x12
 i.ll_conn_handle_stop_connectable_adv
                0x00004ba4       0x12 C:\Program Files (x86)\Cypress\PSoC Creator\3.1\PSoC Creator\psoc\content\cycomponentlibrary\CyComponentLibrary.cylib\BLE_v1_10\Library\gccCyBLEStack_BLE_SOC_PERIPHERAL.a(ll_connection.o)
                0x00004ba4                ll_conn_handle_stop_connectable_adv

i.ll_conn_process_pending_transactions
                0x00004bb6        0x4
 i.ll_conn_process_pending_transactions
                0x00004bb6        0x4 C:\Program Files (x86)\Cypress\PSoC Creator\3.1\PSoC Creator\psoc\content\cycomponentlibrary\CyComponentLibrary.cylib\BLE_v1_10\Library\gccCyBLEStack_BLE_SOC_PERIPHERAL.a(ll_connection.o)
                0x00004bb6                ll_conn_process_pending_transactions

i.ll_conn_program_authenticated_payload_timer
                0x00004bbc       0x50
 i.ll_conn_program_authenticated_payload_timer
                0x00004bbc       0x50 C:\Program Files (x86)\Cypress\PSoC Creator\3.1\PSoC Creator\psoc\content\cycomponentlibrary\CyComponentLibrary.cylib\BLE_v1_10\Library\gccCyBLEStack_BLE_SOC_PERIPHERAL.a(ll_connection.o)
                0x00004bbc                ll_conn_program_authenticated_payload_timer

i.ll_conn_read_data_pdu_from_hardware
                0x00004c0c       0x14
 i.ll_conn_read_data_pdu_from_hardware
                0x00004c0c       0x14 C:\Program Files (x86)\Cypress\PSoC Creator\3.1\PSoC Creator\psoc\content\cycomponentlibrary\CyComponentLibrary.cylib\BLE_v1_10\Library\gccCyBLEStack_BLE_SOC_PERIPHERAL.a(ll_connection.o)
                0x00004c0c                ll_conn_read_data_pdu_from_hardware

i.ll_conn_send_ping_req_pdu
                0x00004c20       0x40
 i.ll_conn_send_ping_req_pdu
                0x00004c20       0x40 C:\Program Files (x86)\Cypress\PSoC Creator\3.1\PSoC Creator\psoc\content\cycomponentlibrary\CyComponentLibrary.cylib\BLE_v1_10\Library\gccCyBLEStack_BLE_SOC_PERIPHERAL.a(ll_connection.o)
                0x00004c20                ll_conn_send_ping_req_pdu

i.ll_conn_store_pending_tx_pdu
                0x00004c60       0x1a
 i.ll_conn_store_pending_tx_pdu
                0x00004c60       0x1a C:\Program Files (x86)\Cypress\PSoC Creator\3.1\PSoC Creator\psoc\content\cycomponentlibrary\CyComponentLibrary.cylib\BLE_v1_10\Library\gccCyBLEStack_BLE_SOC_PERIPHERAL.a(ll_connection.o)
                0x00004c60                ll_conn_store_pending_tx_pdu

i.ll_conn_update_rssi
                0x00004c7a       0x16
 i.ll_conn_update_rssi
                0x00004c7a       0x16 C:\Program Files (x86)\Cypress\PSoC Creator\3.1\PSoC Creator\psoc\content\cycomponentlibrary\CyComponentLibrary.cylib\BLE_v1_10\Library\gccCyBLEStack_BLE_SOC_PERIPHERAL.a(ll_connection.o)
                0x00004c7a                ll_conn_update_rssi

i.ll_convert_hci_llid_to_ll_llid_host_to_controller
                0x00004c90        0x8
 i.ll_convert_hci_llid_to_ll_llid_host_to_controller
                0x00004c90        0x8 C:\Program Files (x86)\Cypress\PSoC Creator\3.1\PSoC Creator\psoc\content\cycomponentlibrary\CyComponentLibrary.cylib\BLE_v1_10\Library\gccCyBLEStack_BLE_SOC_PERIPHERAL.a(ll_connection.o)
                0x00004c90                ll_convert_hci_llid_to_ll_llid_host_to_controller

i.ll_convert_ll_llid_to_hci_llid_controller_to_host
                0x00004c98        0x2
 i.ll_convert_ll_llid_to_hci_llid_controller_to_host
                0x00004c98        0x2 C:\Program Files (x86)\Cypress\PSoC Creator\3.1\PSoC Creator\psoc\content\cycomponentlibrary\CyComponentLibrary.cylib\BLE_v1_10\Library\gccCyBLEStack_BLE_SOC_PERIPHERAL.a(ll_connection.o)
                0x00004c98                ll_convert_ll_llid_to_hci_llid_controller_to_host
